[2026-04-27T22:16:02.722Z] INFO: [DB] SQLite connected: C:\Users\sajid\Desktop\Freelacing\actools\remote-manager\server\data\ac_manager.db
[2026-04-27T22:16:02.757Z] INFO: [DB] SQLite migrations complete
[2026-04-27T22:16:02.760Z] INFO: Server listening on :4000
[2026-04-27T22:16:18.080Z] INFO: [Devices] Registered: TEST-PC-1
[2026-04-27T22:16:18.114Z] INFO: [Socket] Agent connected: TEST-PC-1 (5d4d90e9d0316c44580277f42dbe6436)
[2026-04-27T22:18:19.263Z] ERROR: [DB] Query error: Provided value cannot be bound to SQLite parameter 6.
SQL: INSERT INTO sessions
         (device_id, car_id, track_id, track_layout, mode, easy_assists, configured_duration_min, status)
       VALUES ($1,$2,$3,$4,$5,$6,$7,'pending')
       RETURNING *
[2026-04-27T22:18:19.264Z] ERROR: Provided value cannot be bound to SQLite parameter 6. {"stack":"TypeError: Provided value cannot be bound to SQLite parameter 6.\n    at Object.query (C:\\Users\\sajid\\Desktop\\Freelacing\\actools\\remote-manager\\server\\src\\db\\pool.js:53:25)\n    at exports.startSession (C:\\Users\\sajid\\Desktop\\Freelacing\\actools\\remote-manager\\server\\src\\controllers\\sessionController.js:38:43)\n    at process.processTicksAndRejections (node:internal/process/task_queues:104:5)"}
[2026-04-27T22:18:52.507Z] INFO: [DB] SQLite connected: C:\Users\sajid\Desktop\Freelacing\actools\remote-manager\server\data\ac_manager.db
[2026-04-27T22:18:52.510Z] INFO: [DB] SQLite migrations complete
[2026-04-27T22:18:52.513Z] INFO: Server listening on :4000
[2026-04-27T22:18:56.917Z] INFO: [Socket] Agent connected: TEST-PC-1 (5d4d90e9d0316c44580277f42dbe6436)
[2026-04-27T22:19:26.794Z] INFO: [SessionCtrl] START_SESSION → device 5d4d90e9d0316c44580277f42dbe6436, session b92481d0b72bd5f46eca7dbbd093af4d
[2026-04-27T22:19:26.811Z] INFO: [Socket] Agent disconnected: TEST-PC-1
[2026-04-27T22:19:28.828Z] WARN: [SessionCtrl] FORCE_STOP → device 5d4d90e9d0316c44580277f42dbe6436
[2026-04-27T22:19:29.848Z] INFO: [Reporting] Daily report for 2026-04-27: 0 sessions, 0 min
[2026-04-27T22:20:37.923Z] INFO: [Socket] Agent connected: TEST-PC-1 (5d4d90e9d0316c44580277f42dbe6436)
[2026-04-27T22:20:59.855Z] INFO: [SessionCtrl] START_SESSION → device 5d4d90e9d0316c44580277f42dbe6436, session 8f899a76230104fbbb43bf7dd3fccfa4
[2026-04-27T22:20:59.862Z] ERROR: [Socket] SESSION_ERROR on 8f899a76230104fbbb43bf7dd3fccfa4: Spawn failed: spawn C:\Users\sajid\Desktop\Freelacing\actools\AcAgent\bin\Debug\AcAgent.exe ENOENT
[2026-04-27T22:20:59.877Z] INFO: [Socket] SESSION_ENDED: 8f899a76230104fbbb43bf7dd3fccfa4 — 0.0 min
[2026-04-27T22:21:47.589Z] INFO: [Socket] Agent disconnected: TEST-PC-1
[2026-04-27T22:21:58.038Z] INFO: [Socket] Agent connected: TEST-PC-1 (5d4d90e9d0316c44580277f42dbe6436)
[2026-04-27T22:22:18.955Z] INFO: [SessionCtrl] START_SESSION → device 5d4d90e9d0316c44580277f42dbe6436, session 837696bc86adcf42c3f1c47d1087213d
[2026-04-27T22:22:18.961Z] ERROR: [Socket] SESSION_ERROR on 837696bc86adcf42c3f1c47d1087213d: Spawn failed: spawn C:\Users\sajid\Desktop\Freelacing\actools\AcAgent\bin\Debug\AcAgent.exe ENOENT
[2026-04-27T22:27:05.757Z] INFO: [Socket] Agent disconnected: TEST-PC-1
[2026-04-27T22:27:17.580Z] INFO: [Socket] Agent connected: TEST-PC-1 (5d4d90e9d0316c44580277f42dbe6436)
[2026-04-27T22:27:40.906Z] INFO: [SessionCtrl] START_SESSION → device 5d4d90e9d0316c44580277f42dbe6436, session 853d0a00993e5a3f4a6cb87098dab46d
[2026-04-27T22:29:41.972Z] INFO: [Socket] SESSION_ENDED: 853d0a00993e5a3f4a6cb87098dab46d — 2.0 min
[2026-04-27T22:31:13.441Z] INFO: [Reporting] Daily report for 2026-04-28: 0 sessions, 0 min
[2026-04-27T22:32:38.262Z] INFO: [DB] SQLite connected: C:\Users\sajid\Desktop\Freelacing\actools\remote-manager\server\data\ac_manager.db
[2026-04-27T22:32:38.265Z] INFO: [DB] SQLite migrations complete
[2026-04-27T22:32:38.267Z] INFO: Server listening on :4000
[2026-04-27T22:32:38.425Z] INFO: [Socket] Agent connected: TEST-PC-1 (5d4d90e9d0316c44580277f42dbe6436)
[2026-04-27T22:36:04.283Z] INFO: [Reporting] Daily report for 2026-04-27: 2 sessions, 2.02 min
[2026-04-27T22:47:48.436Z] INFO: [Socket] Agent connected: TEST-PC-1 (5d4d90e9d0316c44580277f42dbe6436)
[2026-04-27T23:01:21.363Z] INFO: [Socket] Dashboard connected: f9O0qgsN-Wp0mNZAAAAG
[2026-04-27T23:01:35.075Z] INFO: [Socket] Dashboard connected: SJYd5RrUUY14PNkqAAAI
[2026-04-27T23:02:10.620Z] INFO: [Socket] Dashboard connected: beVd5HR8hZMqE-wVAAAL
[2026-04-27T23:02:37.301Z] INFO: [SessionCtrl] START_SESSION → device 5d4d90e9d0316c44580277f42dbe6436, session e9d8ddcc7b9b8e3d5f15bd513cc03be8
[2026-04-27T23:02:38.056Z] INFO: [Socket] SESSION_ENDED: e9d8ddcc7b9b8e3d5f15bd513cc03be8 — 0.0 min
[2026-04-27T23:04:38.271Z] INFO: [Socket] SESSION_ENDED: e9d8ddcc7b9b8e3d5f15bd513cc03be8 — 2.0 min
[2026-04-29T11:38:40.427Z] INFO: [DB] SQLite connected: C:\Users\sajid\Desktop\Freelacing\actools\remote-manager\server\data\ac_manager.db
[2026-04-29T11:38:40.438Z] INFO: [DB] SQLite migrations complete
[2026-04-29T11:38:40.443Z] INFO: Server listening on :4000
[2026-04-29T11:38:41.471Z] INFO: [Socket] Agent connected: TEST-PC-1 (5d4d90e9d0316c44580277f42dbe6436)
[2026-04-29T11:42:36.317Z] INFO: [DB] SQLite connected: C:\Users\sajid\Desktop\Freelacing\actools\remote-manager\server\data\ac_manager.db
[2026-04-29T11:42:36.323Z] INFO: [DB] SQLite migrations complete
[2026-04-29T11:42:36.329Z] INFO: Server listening on :4000
[2026-04-29T11:42:40.197Z] INFO: [Socket] Agent connected: TEST-PC-1 (5d4d90e9d0316c44580277f42dbe6436)
[2026-04-29T11:43:53.083Z] INFO: [DB] SQLite connected: C:\Users\sajid\Desktop\Freelacing\actools\remote-manager\server\data\ac_manager.db
[2026-04-29T11:43:53.087Z] INFO: [DB] SQLite migrations complete
[2026-04-29T11:43:53.094Z] INFO: Server listening on :4000
[2026-04-29T11:43:53.977Z] INFO: [Reporting] Daily report for 2026-04-29: 0 sessions, 0 min
[2026-04-29T11:43:54.035Z] INFO: [Socket] Dashboard connected: 0_WWOZyiRvoieoprAAAB
[2026-04-29T11:43:54.309Z] INFO: [Socket] Agent connected: TEST-PC-1 (5d4d90e9d0316c44580277f42dbe6436)
[2026-04-29T11:44:21.791Z] INFO: [SessionCtrl] START_SESSION → device 5d4d90e9d0316c44580277f42dbe6436, session 252abd6562f3234b120d975fcd700c31
[2026-04-29T11:45:20.399Z] WARN: [SessionCtrl] FORCE_STOP → device 5d4d90e9d0316c44580277f42dbe6436
[2026-04-29T11:45:20.449Z] INFO: [Socket] SESSION_ENDED: 252abd6562f3234b120d975fcd700c31 — 1.0 min
[2026-04-29T11:46:04.912Z] INFO: [Socket] Dashboard connected: HYXojNproi-5l5H2AAAF
[2026-04-29T11:46:15.024Z] INFO: [Socket] Dashboard connected: EnzAbu334vM4Rc1kAAAH
[2026-04-29T11:47:10.360Z] INFO: [Socket] Dashboard connected: vaUf6am1IZqt8p1KAAAJ
[2026-04-29T11:47:37.848Z] INFO: [Socket] Dashboard connected: 6w3sdXTvQnSQMSB1AAAL
[2026-04-29T11:53:20.500Z] INFO: [DB] SQLite connected: C:\Users\sajid\Desktop\Freelacing\actools\remote-manager\server\data\ac_manager.db
[2026-04-29T11:53:20.505Z] INFO: [DB] SQLite migrations complete
[2026-04-29T11:53:20.510Z] INFO: Server listening on :4000
[2026-04-29T11:53:20.567Z] INFO: [Socket] Dashboard connected: yGHi3ia7uuOntycxAAAB
[2026-04-29T11:53:22.027Z] INFO: [Socket] Dashboard connected: wzg-xJg_HGyAr3NhAAAD
[2026-04-29T11:53:25.611Z] INFO: [Socket] Agent connected: TEST-PC-1 (5d4d90e9d0316c44580277f42dbe6436)
[2026-04-29T12:00:08.745Z] INFO: [DB] SQLite connected: C:\Users\sajid\Desktop\Freelacing\actools\remote-manager\server\data\ac_manager.db
[2026-04-29T12:00:08.750Z] INFO: [DB] SQLite migrations complete
[2026-04-29T12:00:08.756Z] INFO: Server listening on :4000
[2026-04-29T12:00:10.043Z] INFO: [Socket] Agent connected: TEST-PC-1 (5d4d90e9d0316c44580277f42dbe6436)
[2026-04-29T12:00:10.253Z] INFO: [Socket] Dashboard connected: ep8GfAXtUxfe6kn0AAAD
[2026-04-29T12:00:10.803Z] INFO: [Socket] Dashboard connected: AKxbdufof_tDZktYAAAF
[2026-04-29T12:01:35.545Z] WARN: [Auth] Bad agent secret from
[2026-04-29T12:05:47.674Z] INFO: [DB] SQLite connected: C:\Users\sajid\Desktop\Freelacing\actools\remote-manager\server\data\ac_manager.db
[2026-04-29T12:05:47.680Z] INFO: [DB] SQLite migrations complete
[2026-04-29T12:05:47.687Z] INFO: Server listening on :4000
[2026-04-29T12:05:50.254Z] INFO: [Socket] Dashboard connected (bypass): C6m0agnOayl-hPspAAAB
[2026-04-29T12:05:50.536Z] INFO: [Socket] Dashboard connected (bypass): BcI_3c35dj1OSzEyAAAD
[2026-04-29T12:05:52.794Z] INFO: [Socket] Agent connected: TEST-PC-1 (5d4d90e9d0316c44580277f42dbe6436)
[2026-04-29T12:08:08.667Z] WARN: [Auth] Bad agent secret from
[2026-04-29T12:14:31.298Z] INFO: [SessionCtrl] START_SESSION → device 5d4d90e9d0316c44580277f42dbe6436, session c965917ecfe696105f89d9a91927bb4a
[2026-04-29T12:14:37.430Z] WARN: [SessionCtrl] FORCE_STOP → device 5d4d90e9d0316c44580277f42dbe6436
[2026-04-29T12:14:38.462Z] INFO: [Socket] SESSION_ENDED: c965917ecfe696105f89d9a91927bb4a — 0.1 min
[2026-04-29T12:14:38.464Z] WARN: [SessionCtrl] FORCE_STOP → device 5d4d90e9d0316c44580277f42dbe6436
[2026-04-29T12:18:26.516Z] INFO: [Devices] Registered: Gaming-PC-2
[2026-04-29T12:18:26.586Z] INFO: [Socket] Agent connected: Gaming-PC-2 (9cd9ff199262d2bd11f01863da04170b)
[2026-04-29T12:18:52.169Z] INFO: [SessionCtrl] START_SESSION → device 9cd9ff199262d2bd11f01863da04170b, session 184b25d89a9dc1d3f7a2a2917cb99610
[2026-04-29T12:18:52.181Z] ERROR: [Socket] SESSION_ERROR on 184b25d89a9dc1d3f7a2a2917cb99610: AcAgent.exe not found at: "C:\AcRemoteAgent\AcAgent\AcAgent.exe". Check AC_AGENT_EXE in .env
[2026-04-29T12:20:00.544Z] INFO: [Socket] Agent connected: Gaming-PC-2 (9cd9ff199262d2bd11f01863da04170b)
[2026-04-29T12:20:37.866Z] INFO: [Socket] Dashboard connected (bypass): vDTiPC_GLAc9u2avAAAL
[2026-04-29T12:20:46.911Z] INFO: [SessionCtrl] START_SESSION → device 9cd9ff199262d2bd11f01863da04170b, session 91f64f84286fe40bf21082e8f28fdaa4
[2026-04-29T12:20:46.937Z] ERROR: [Socket] SESSION_ERROR on 91f64f84286fe40bf21082e8f28fdaa4: AcAgent.exe not found at: "C:\AcRemoteAgent\AcAgent\AcAgent.exe". Check AC_AGENT_EXE in .env
[2026-04-29T12:20:46.954Z] ERROR: [Socket] SESSION_ERROR on 91f64f84286fe40bf21082e8f28fdaa4: AC_ROOT directory not found: "C:\Program Files (x86)\Steam\steamapps\common\assettocorsa". Check AC_ROOT in .env
[2026-04-29T12:21:38.555Z] INFO: [SessionCtrl] START_SESSION → device 9cd9ff199262d2bd11f01863da04170b, session 60df3129a7b8de0a75b45f5ec93a0d2f
[2026-04-29T12:21:38.598Z] ERROR: [Socket] SESSION_ERROR on 60df3129a7b8de0a75b45f5ec93a0d2f: AcAgent.exe not found at: "C:\AcRemoteAgent\AcAgent\AcAgent.exe". Check AC_AGENT_EXE in .env
[2026-04-29T12:21:38.616Z] ERROR: [Socket] SESSION_ERROR on 60df3129a7b8de0a75b45f5ec93a0d2f: AC_ROOT directory not found: "C:\Program Files (x86)\Steam\steamapps\common\assettocorsa". Check AC_ROOT in .env
[2026-04-29T12:21:56.031Z] INFO: [Socket] Dashboard connected (bypass): wHsVajn6RXVSycAeAAAN
[2026-04-29T12:22:04.370Z] INFO: [SessionCtrl] START_SESSION → device 9cd9ff199262d2bd11f01863da04170b, session 3a7dcc0794596ef24cf68eb0319b3d1c
[2026-04-29T12:22:04.380Z] ERROR: [Socket] SESSION_ERROR on 3a7dcc0794596ef24cf68eb0319b3d1c: AC_ROOT directory not found: "C:\Program Files (x86)\Steam\steamapps\common\assettocorsa". Check AC_ROOT in .env
[2026-04-29T12:22:04.397Z] ERROR: [Socket] SESSION_ERROR on 3a7dcc0794596ef24cf68eb0319b3d1c: AcAgent.exe not found at: "C:\AcRemoteAgent\AcAgent\AcAgent.exe". Check AC_AGENT_EXE in .env
[2026-04-29T12:23:07.704Z] INFO: [Socket] Dashboard connected (bypass): 7nhi1Y_QvpDS_-VkAAAP
[2026-04-29T12:23:16.029Z] INFO: [SessionCtrl] START_SESSION → device 9cd9ff199262d2bd11f01863da04170b, session 509d0d054c30240efc02a3123f80faf4
[2026-04-29T12:23:16.042Z] ERROR: [Socket] SESSION_ERROR on 509d0d054c30240efc02a3123f80faf4: AcAgent.exe not found at: "C:\AcRemoteAgent\AcAgent\AcAgent.exe". Check AC_AGENT_EXE in .env
[2026-04-29T12:23:16.063Z] ERROR: [Socket] SESSION_ERROR on 509d0d054c30240efc02a3123f80faf4: AC_ROOT directory not found: "C:\Program Files (x86)\Steam\steamapps\common\assettocorsa". Check AC_ROOT in .env
[2026-04-29T12:24:38.392Z] INFO: [Socket] Agent connected: Gaming-PC-2 (9cd9ff199262d2bd11f01863da04170b)
[2026-04-29T12:25:00.578Z] INFO: [Socket] Dashboard connected (bypass): bLj0huNRkmMhQsIyAAAT
[2026-04-29T12:25:11.138Z] INFO: [SessionCtrl] START_SESSION → device 9cd9ff199262d2bd11f01863da04170b, session b08e01118ccffb2e733e780a126a1802
[2026-04-29T12:25:11.149Z] ERROR: [Socket] SESSION_ERROR on b08e01118ccffb2e733e780a126a1802: AcAgent.exe not found at: "C:\AcRemoteAgent\AcAgent\AcAgent.exe". Check AC_AGENT_EXE in .env
[2026-04-29T12:25:11.167Z] ERROR: [Socket] SESSION_ERROR on b08e01118ccffb2e733e780a126a1802: AC_ROOT directory not found: "C:\Program Files (x86)\Steam\steamapps\common\assettocorsa". Check AC_ROOT in .env
[2026-04-29T12:25:45.499Z] INFO: [SessionCtrl] START_SESSION → device 9cd9ff199262d2bd11f01863da04170b, session 471dc327516b7d5455ba00bd36d071b5
[2026-04-29T12:25:45.529Z] ERROR: [Socket] SESSION_ERROR on 471dc327516b7d5455ba00bd36d071b5: AC_ROOT directory not found: "C:\Program Files (x86)\Steam\steamapps\common\assettocorsa". Check AC_ROOT in .env
[2026-04-29T12:25:45.545Z] ERROR: [Socket] SESSION_ERROR on 471dc327516b7d5455ba00bd36d071b5: AcAgent.exe not found at: "C:\AcRemoteAgent\AcAgent\AcAgent.exe". Check AC_AGENT_EXE in .env
[2026-04-29T12:25:53.475Z] INFO: [Socket] Agent disconnected: Gaming-PC-2
[2026-04-29T12:25:59.906Z] INFO: [Socket] Agent connected: Gaming-PC-2 (9cd9ff199262d2bd11f01863da04170b)
[2026-04-29T12:26:09.022Z] INFO: [Socket] Agent disconnected: Gaming-PC-2
[2026-04-29T12:26:11.558Z] INFO: [Socket] Agent connected: Gaming-PC-2 (9cd9ff199262d2bd11f01863da04170b)
[2026-04-29T12:26:17.489Z] INFO: [SessionCtrl] START_SESSION → device 9cd9ff199262d2bd11f01863da04170b, session 2d76be86f4e5d0b2b6467ffe891900e6
[2026-04-29T12:26:17.503Z] ERROR: [Socket] SESSION_ERROR on 2d76be86f4e5d0b2b6467ffe891900e6: AcAgent.exe not found at: "C:\AcRemoteAgent\AcAgent\AcAgent.exe". Check AC_AGENT_EXE in .env
[2026-04-29T12:26:17.520Z] ERROR: [Socket] SESSION_ERROR on 2d76be86f4e5d0b2b6467ffe891900e6: AC_ROOT directory not found: "C:\Program Files (x86)\Steam\steamapps\common\assettocorsa". Check AC_ROOT in .env
[2026-04-29T12:28:12.902Z] INFO: [Socket] Agent disconnected: Gaming-PC-2
[2026-04-29T12:30:28.826Z] INFO: [Socket] Agent connected: Gaming-PC-2 (9cd9ff199262d2bd11f01863da04170b)
[2026-04-29T12:30:40.536Z] INFO: [Socket] Agent connected: Gaming-PC-2 (9cd9ff199262d2bd11f01863da04170b)
[2026-04-29T12:30:54.166Z] INFO: [Socket] Agent disconnected: Gaming-PC-2
[2026-04-29T12:30:54.175Z] INFO: [Socket] Agent disconnected: Gaming-PC-2
[2026-04-29T12:30:54.183Z] INFO: [Socket] Agent disconnected: Gaming-PC-2
[2026-04-29T12:30:54.192Z] INFO: [Socket] Agent disconnected: Gaming-PC-2
[2026-04-29T12:30:59.934Z] INFO: [Socket] Agent connected: Gaming-PC-2 (9cd9ff199262d2bd11f01863da04170b)
[2026-04-29T12:31:14.360Z] INFO: [Socket] Dashboard connected (bypass): KDElr9JgllZcH_18AAAf
[2026-04-29T12:31:26.397Z] INFO: [SessionCtrl] START_SESSION → device 9cd9ff199262d2bd11f01863da04170b, session 51eae43baa9d05bd3f20e24f8a9d68a9
[2026-04-29T12:32:02.506Z] WARN: [SessionCtrl] FORCE_STOP → device 9cd9ff199262d2bd11f01863da04170b
[2026-04-29T12:32:03.533Z] INFO: [Socket] SESSION_ENDED: 51eae43baa9d05bd3f20e24f8a9d68a9 — 0.6 min
[2026-04-29T12:32:08.484Z] INFO: [Socket] Agent disconnected: Gaming-PC-2
[2026-04-29T12:33:33.106Z] INFO: [Socket] Agent connected: Gaming-PC-2 (9cd9ff199262d2bd11f01863da04170b)
[2026-04-29T12:33:42.134Z] INFO: [SessionCtrl] START_SESSION → device 9cd9ff199262d2bd11f01863da04170b, session 54506b0b7a57a4f6faa67988ba61c6e4
[2026-04-29T12:34:17.523Z] WARN: [SessionCtrl] FORCE_STOP → device 9cd9ff199262d2bd11f01863da04170b
[2026-04-29T12:34:17.990Z] INFO: [Socket] SESSION_ENDED: 54506b0b7a57a4f6faa67988ba61c6e4 — 0.6 min
[2026-04-29T12:34:30.345Z] INFO: [SessionCtrl] START_SESSION → device 9cd9ff199262d2bd11f01863da04170b, session 26a3fcf448209b01cf9b0653c8435be1
[2026-04-29T12:34:54.135Z] WARN: [SessionCtrl] FORCE_STOP → device 9cd9ff199262d2bd11f01863da04170b
[2026-04-29T12:34:54.280Z] INFO: [Socket] SESSION_ENDED: 26a3fcf448209b01cf9b0653c8435be1 — 0.4 min
[2026-04-29T12:34:57.646Z] INFO: [SessionCtrl] START_SESSION → device 9cd9ff199262d2bd11f01863da04170b, session 4c880c29aad27a374451597e58536a59
[2026-04-29T12:35:49.142Z] WARN: [SessionCtrl] FORCE_STOP → device 9cd9ff199262d2bd11f01863da04170b
[2026-04-29T12:35:50.174Z] INFO: [Socket] SESSION_ENDED: 4c880c29aad27a374451597e58536a59 — 0.9 min
[2026-04-29T12:35:54.767Z] INFO: [SessionCtrl] START_SESSION → device 5d4d90e9d0316c44580277f42dbe6436, session 597ebd33ff8399fd3c5fb66f1bbb7e06
[2026-04-29T12:36:03.440Z] WARN: [SessionCtrl] FORCE_STOP → device 5d4d90e9d0316c44580277f42dbe6436
[2026-04-29T12:36:04.116Z] INFO: [Socket] SESSION_ENDED: 597ebd33ff8399fd3c5fb66f1bbb7e06 — 0.1 min
[2026-04-29T12:36:31.937Z] INFO: [Socket] Dashboard connected (bypass): -YM6qAeDPICCu5zXAAAj
[2026-04-29T12:36:37.087Z] INFO: [Socket] Agent disconnected: Gaming-PC-2
[2026-04-29T19:57:19.528Z] INFO: [DB] SQLite connected: C:\Users\sajid\Desktop\Freelacing\actools\remote-manager\server\data\ac_manager.db
[2026-04-29T19:57:19.544Z] INFO: [DB] SQLite migrations complete
[2026-04-29T19:57:19.552Z] INFO: Server listening on :4000
[2026-04-29T19:57:21.000Z] INFO: [Socket] Dashboard connected (bypass): gHNxFLKShbHYxs0VAAAB
[2026-04-29T19:57:22.902Z] INFO: [Socket] Agent connected: TEST-PC-1 (5d4d90e9d0316c44580277f42dbe6436)
[2026-04-29T19:57:36.065Z] INFO: [SessionCtrl] START_SESSION → device 5d4d90e9d0316c44580277f42dbe6436, session 99d02e1a77743151f32350c550dca158
[2026-04-29T19:59:43.785Z] INFO: [Socket] SESSION_ENDED: 99d02e1a77743151f32350c550dca158 — 2.1 min
[2026-04-29T20:03:25.852Z] INFO: [DB] SQLite connected: C:\Users\sajid\Desktop\Freelacing\actools\remote-manager\server\data\ac_manager.db
[2026-04-29T20:03:25.858Z] INFO: [DB] SQLite migrations complete
[2026-04-29T20:03:25.870Z] INFO: Server listening on :4000
[2026-04-29T20:03:27.048Z] INFO: [Socket] Agent connected: TEST-PC-1 (5d4d90e9d0316c44580277f42dbe6436)
[2026-04-29T20:03:27.472Z] INFO: [Socket] Dashboard connected (bypass): oH_MI5JLDbDHkEs5AAAD
[2026-04-29T20:12:47.792Z] INFO: [DB] SQLite connected: C:\Users\sajid\Desktop\Freelacing\actools\remote-manager\server\data\ac_manager.db
[2026-04-29T20:12:47.796Z] INFO: [DB] SQLite migrations complete
[2026-04-29T20:12:47.801Z] INFO: Server listening on :4000
[2026-04-29T20:12:49.358Z] INFO: [Socket] Dashboard connected (bypass): OyOZMeuSbGZSRzCDAAAB
[2026-04-29T20:12:52.661Z] INFO: [Socket] Agent connected: TEST-PC-1 (5d4d90e9d0316c44580277f42dbe6436)
[2026-04-29T20:33:00.222Z] INFO: [Socket] Dashboard connected (bypass): 30kXWmHc07hct5B2AAAF
[2026-04-29T20:46:38.094Z] INFO: [DB] SQLite connected: C:\Users\sajid\Desktop\Freelacing\actools\remote-manager\server\data\ac_manager.db
[2026-04-29T20:46:38.098Z] INFO: [DB] SQLite migrations complete
[2026-04-29T20:46:38.101Z] INFO: Server listening on :4000
[2026-04-29T20:46:39.205Z] INFO: [Socket] Dashboard connected (bypass): xHopxDiVAomeypXeAAAB
[2026-04-29T20:46:40.179Z] INFO: [Socket] Agent connected: TEST-PC-1 (5d4d90e9d0316c44580277f42dbe6436)
[2026-04-29T20:47:11.695Z] INFO: [DB] SQLite connected: C:\Users\sajid\Desktop\Freelacing\actools\remote-manager\server\data\ac_manager.db
[2026-04-29T20:47:11.700Z] INFO: [DB] SQLite migrations complete
[2026-04-29T20:47:11.706Z] INFO: Server listening on :4000
[2026-04-29T20:47:12.699Z] INFO: [Socket] Dashboard connected (bypass): RRgwr_LFkutU0pvNAAAB
[2026-04-29T20:47:16.691Z] INFO: [Socket] Agent connected: TEST-PC-1 (5d4d90e9d0316c44580277f42dbe6436)
[2026-04-29T20:47:52.027Z] INFO: [Socket] Agent connected: Gaming-PC-2 (9cd9ff199262d2bd11f01863da04170b)
[2026-04-29T20:48:09.182Z] INFO: [SessionCtrl] START_SESSION → device 9cd9ff199262d2bd11f01863da04170b, session 7c7ec871a99991997edbda46c1fa6b0b
[2026-04-29T20:49:00.563Z] WARN: [SessionCtrl] FORCE_STOP → device 9cd9ff199262d2bd11f01863da04170b
[2026-04-29T20:49:00.655Z] INFO: [Socket] SESSION_ENDED: 7c7ec871a99991997edbda46c1fa6b0b — 0.9 min
[2026-04-29T20:49:03.800Z] INFO: [SessionCtrl] START_SESSION → device 9cd9ff199262d2bd11f01863da04170b, session b4d2b3a499fbb81dee40c4284c4e9a4c
[2026-04-29T20:49:26.311Z] WARN: [SessionCtrl] FORCE_STOP → device 9cd9ff199262d2bd11f01863da04170b
[2026-04-29T20:49:26.564Z] INFO: [Socket] SESSION_ENDED: b4d2b3a499fbb81dee40c4284c4e9a4c — 0.4 min
[2026-04-29T20:49:28.509Z] INFO: [SessionCtrl] START_SESSION → device 9cd9ff199262d2bd11f01863da04170b, session cd3cbbd89d988015fb94d703a6f87e41
[2026-04-29T20:50:08.525Z] WARN: [SessionCtrl] FORCE_STOP → device 9cd9ff199262d2bd11f01863da04170b
[2026-04-29T20:50:08.870Z] INFO: [Socket] SESSION_ENDED: cd3cbbd89d988015fb94d703a6f87e41 — 0.7 min
[2026-04-29T20:50:18.880Z] INFO: [SessionCtrl] START_SESSION → device 9cd9ff199262d2bd11f01863da04170b, session 85b0aa60fbb5a849144edd56c583d2ac
[2026-04-29T20:50:24.732Z] WARN: [SessionCtrl] FORCE_STOP → device 9cd9ff199262d2bd11f01863da04170b
[2026-04-29T20:50:25.176Z] INFO: [Socket] SESSION_ENDED: 85b0aa60fbb5a849144edd56c583d2ac — 0.1 min
[2026-04-29T20:50:28.335Z] INFO: [Socket] Agent connected: Gaming-PC-2 (9cd9ff199262d2bd11f01863da04170b)
[2026-04-29T20:50:32.105Z] INFO: [SessionCtrl] START_SESSION → device 9cd9ff199262d2bd11f01863da04170b, session 00bd2f5ced82da52d441828697fcab48
[2026-04-29T20:52:54.291Z] WARN: [SessionCtrl] FORCE_STOP → device 9cd9ff199262d2bd11f01863da04170b
[2026-04-29T20:52:55.162Z] INFO: [Socket] SESSION_ENDED: 00bd2f5ced82da52d441828697fcab48 — 2.4 min
[2026-04-29T20:52:55.175Z] INFO: [Socket] SESSION_ENDED: 00bd2f5ced82da52d441828697fcab48 — 2.4 min
[2026-04-29T21:40:55.399Z] INFO: [DB] SQLite connected: C:\Users\sajid\Desktop\Freelacing\actools\remote-manager\server\data\ac_manager.db
[2026-04-29T21:40:55.402Z] INFO: [DB] SQLite migrations complete
[2026-04-29T21:40:55.406Z] INFO: Server listening on :4000
[2026-04-29T21:40:56.367Z] INFO: [Socket] Dashboard connected (bypass): vJeTmOZWZ97x_U_jAAAB
[2026-04-29T21:40:58.605Z] INFO: [Socket] Agent connected: TEST-PC-1 (5d4d90e9d0316c44580277f42dbe6436)
[2026-04-29T21:41:02.549Z] INFO: [SessionCtrl] START_SESSION → device 9cd9ff199262d2bd11f01863da04170b, session 689e779e95df56f2802842bc677c2750
[2026-04-29T21:41:02.734Z] INFO: [Socket] Agent connected: Gaming-PC-2 (9cd9ff199262d2bd11f01863da04170b)
[2026-04-29T21:42:48.061Z] INFO: [Socket] Agent disconnected: Gaming-PC-2
[2026-04-29T21:42:55.362Z] INFO: [Socket] Agent connected: Gaming-PC-2 (9cd9ff199262d2bd11f01863da04170b)
[2026-04-29T21:43:31.532Z] INFO: [SessionCtrl] START_SESSION → device 9cd9ff199262d2bd11f01863da04170b, session 13aba947c7dce0b2c43dc82494f87c93
[2026-04-29T21:43:40.447Z] INFO: [Socket] Agent disconnected: Gaming-PC-2
[2026-04-29T21:44:26.573Z] INFO: [Socket] Agent connected: Gaming-PC-2 (9cd9ff199262d2bd11f01863da04170b)
[2026-04-29T21:44:41.555Z] INFO: [Socket] Agent disconnected: Gaming-PC-2
[2026-04-29T21:45:00.715Z] INFO: [Socket] Agent connected: Gaming-PC-2 (9cd9ff199262d2bd11f01863da04170b)
[2026-04-29T21:45:27.931Z] INFO: [Socket] SESSION_ENDED: 13aba947c7dce0b2c43dc82494f87c93 — 1.1 min
[2026-04-29T21:45:39.930Z] INFO: [SessionCtrl] START_SESSION → device 9cd9ff199262d2bd11f01863da04170b, session b6897b28feb51315ac48b85ac767702d
[2026-04-29T21:46:41.813Z] INFO: [Socket] SESSION_ENDED: b6897b28feb51315ac48b85ac767702d — 1.0 min
[2026-04-29T21:46:44.313Z] INFO: [Socket] Agent disconnected: Gaming-PC-2
[2026-04-29T21:46:57.358Z] INFO: [Socket] Agent connected: Gaming-PC-2 (9cd9ff199262d2bd11f01863da04170b)
[2026-04-29T21:47:04.865Z] INFO: [DB] SQLite connected: C:\Users\sajid\Desktop\Freelacing\actools\remote-manager\server\data\ac_manager.db
[2026-04-29T21:47:04.869Z] INFO: [DB] SQLite migrations complete
[2026-04-29T21:47:04.874Z] INFO: Server listening on :4000
[2026-04-29T21:47:05.999Z] INFO: [Socket] Dashboard connected (bypass): hAN-NYv-FjYSeEeXAAAB
[2026-04-29T21:47:06.543Z] INFO: [Socket] Agent connected: Gaming-PC-2 (9cd9ff199262d2bd11f01863da04170b)
[2026-04-29T21:47:09.527Z] INFO: [Socket] Agent connected: TEST-PC-1 (5d4d90e9d0316c44580277f42dbe6436)
[2026-04-29T21:47:14.495Z] INFO: [SessionCtrl] START_SESSION → device 9cd9ff199262d2bd11f01863da04170b, session 29efd23af99baa0f9fee84a5a4c9a522
[2026-04-29T21:47:56.157Z] WARN: [SessionCtrl] FORCE_STOP → device 9cd9ff199262d2bd11f01863da04170b
[2026-04-29T21:47:56.324Z] INFO: [Socket] SESSION_ENDED: 29efd23af99baa0f9fee84a5a4c9a522 — 0.7 min
[2026-04-29T21:48:06.436Z] INFO: [SessionCtrl] START_SESSION → device 9cd9ff199262d2bd11f01863da04170b, session f00c8dd7ba36fc1b38db8cecb1936692
[2026-04-29T21:48:33.150Z] INFO: [Socket] SESSION_ENDED: f00c8dd7ba36fc1b38db8cecb1936692 — 0.4 min
[2026-04-29T21:48:35.525Z] INFO: [Socket] Agent disconnected: Gaming-PC-2
[2026-04-29T21:50:10.276Z] INFO: [Socket] Agent connected: Gaming-PC-2 (9cd9ff199262d2bd11f01863da04170b)
[2026-04-29T21:50:13.694Z] INFO: [SessionCtrl] START_SESSION → device 9cd9ff199262d2bd11f01863da04170b, session f7c32e36f3765c6433f56fab416e497f
[2026-04-29T21:50:25.299Z] INFO: [Socket] Agent disconnected: Gaming-PC-2
[2026-04-29T21:50:40.746Z] INFO: [Socket] Agent connected: Gaming-PC-2 (9cd9ff199262d2bd11f01863da04170b)
[2026-04-29T21:50:44.139Z] INFO: [Socket] Agent disconnected: Gaming-PC-2
[2026-04-29T21:50:46.483Z] INFO: [Socket] Agent connected: Gaming-PC-2 (9cd9ff199262d2bd11f01863da04170b)
[2026-04-29T21:51:05.529Z] INFO: [SessionCtrl] START_SESSION → device 9cd9ff199262d2bd11f01863da04170b, session 65a5ff2cc2fab7b3a8befc9d4167b76a
[2026-04-29T21:51:28.757Z] WARN: [SessionCtrl] FORCE_STOP → device 9cd9ff199262d2bd11f01863da04170b
[2026-04-29T21:51:29.288Z] INFO: [Socket] SESSION_ENDED: 65a5ff2cc2fab7b3a8befc9d4167b76a — 0.4 min
[2026-04-29T21:51:32.871Z] INFO: [SessionCtrl] START_SESSION → device 9cd9ff199262d2bd11f01863da04170b, session 4d0b2fe4c21fa02eace8e8d09ff69496
[2026-04-29T21:51:40.342Z] INFO: [Socket] Agent disconnected: Gaming-PC-2
[2026-04-29T21:51:56.878Z] INFO: [Socket] Agent connected: Gaming-PC-2 (9cd9ff199262d2bd11f01863da04170b)
[2026-04-29T21:52:10.271Z] INFO: [DB] SQLite connected: C:\Users\sajid\Desktop\Freelacing\actools\remote-manager\server\data\ac_manager.db
[2026-04-29T21:52:10.278Z] INFO: [DB] SQLite migrations complete
[2026-04-29T21:52:10.285Z] INFO: Server listening on :4000
[2026-04-29T21:52:12.101Z] INFO: [Socket] Agent connected: Gaming-PC-2 (9cd9ff199262d2bd11f01863da04170b)
[2026-04-29T21:52:12.174Z] INFO: [Socket] Dashboard connected (bypass): Fb3T9r3M4pkGptURAAAD
[2026-04-29T21:52:14.397Z] INFO: [Socket] Agent connected: TEST-PC-1 (5d4d90e9d0316c44580277f42dbe6436)
[2026-04-29T21:52:23.031Z] INFO: [SessionCtrl] START_SESSION → device 9cd9ff199262d2bd11f01863da04170b, session 7c026e01f34b46662571a6152dfbc558
[2026-04-29T21:52:42.842Z] WARN: [SessionCtrl] FORCE_STOP → device 9cd9ff199262d2bd11f01863da04170b
[2026-04-29T21:52:43.478Z] INFO: [Socket] SESSION_ENDED: 7c026e01f34b46662571a6152dfbc558 — 0.3 min
[2026-04-29T21:53:01.827Z] INFO: [SessionCtrl] START_SESSION → device 9cd9ff199262d2bd11f01863da04170b, session 45ef151bc1272266f078e9760a12eea1
[2026-04-29T21:53:20.939Z] WARN: [SessionCtrl] FORCE_STOP → device 9cd9ff199262d2bd11f01863da04170b
[2026-04-29T21:53:21.410Z] INFO: [Socket] SESSION_ENDED: 45ef151bc1272266f078e9760a12eea1 — 0.3 min
[2026-04-29T21:53:30.699Z] INFO: [SessionCtrl] START_SESSION → device 9cd9ff199262d2bd11f01863da04170b, session b8a56ba708c22b916d21e55259da0e81
[2026-04-29T21:53:48.914Z] INFO: [Socket] SESSION_ENDED: b8a56ba708c22b916d21e55259da0e81 — 0.3 min
[2026-04-29T21:53:51.170Z] INFO: [Socket] Agent disconnected: Gaming-PC-2
[2026-04-29T21:55:48.870Z] INFO: [Socket] Agent connected: Gaming-PC-2 (9cd9ff199262d2bd11f01863da04170b)
[2026-04-29T22:04:13.476Z] INFO: [Socket] Agent disconnected: Gaming-PC-2
[2026-04-29T22:04:36.651Z] INFO: [Socket] Agent connected: Gaming-PC-2 (9cd9ff199262d2bd11f01863da04170b)
[2026-04-29T22:04:51.416Z] INFO: [DB] SQLite connected: C:\Users\sajid\Desktop\Freelacing\actools\remote-manager\server\data\ac_manager.db
[2026-04-29T22:04:51.421Z] INFO: [DB] SQLite migrations complete
[2026-04-29T22:04:51.428Z] INFO: Server listening on :4000
[2026-04-29T22:04:52.865Z] INFO: [Socket] Agent connected: TEST-PC-1 (5d4d90e9d0316c44580277f42dbe6436)
[2026-04-29T22:04:52.950Z] INFO: [Socket] Dashboard connected (bypass): WwKNbbH4Xux_dIHFAAAD
[2026-04-29T22:04:55.132Z] INFO: [Socket] Agent connected: Gaming-PC-2 (9cd9ff199262d2bd11f01863da04170b)
[2026-04-29T22:05:00.939Z] INFO: [SessionCtrl] START_SESSION → device 9cd9ff199262d2bd11f01863da04170b, session b9d30ccb5c37ee6675d18ff5f9422f0d
[2026-04-29T22:06:50.889Z] INFO: [SessionCtrl] START_SESSION → device 5d4d90e9d0316c44580277f42dbe6436, session c7cedfcbee3f244a7bbdad507820295f
[2026-04-29T22:08:56.234Z] INFO: [Socket] SESSION_ENDED: c7cedfcbee3f244a7bbdad507820295f — 2.1 min
[2026-04-29T22:11:12.268Z] WARN: [SessionCtrl] FORCE_STOP → device 9cd9ff199262d2bd11f01863da04170b
[2026-04-29T22:11:13.258Z] INFO: [Socket] SESSION_ENDED: b9d30ccb5c37ee6675d18ff5f9422f0d — 6.2 min
[2026-04-29T22:11:38.827Z] INFO: [SessionCtrl] START_SESSION → device 9cd9ff199262d2bd11f01863da04170b, session 37f20b013bc9c2454172fcd2d1180977
[2026-05-01T13:17:37.209Z] INFO: [DB] SQLite connected: C:\Users\sajid\Desktop\Freelacing\actools\remote-manager\server\data\ac_manager.db
[2026-05-01T13:17:37.212Z] INFO: [DB] SQLite migrations complete
[2026-05-01T13:17:37.221Z] INFO: Server listening on :4000
[2026-05-01T13:17:37.492Z] INFO: [Socket] Dashboard connected (bypass): IiBU49Gu2W8mykTcAAAB
[2026-05-01T13:17:39.089Z] INFO: [Reporting] Daily report for 2026-05-01: 0 sessions, 0 min
[2026-05-01T13:17:39.092Z] INFO: [Socket] Dashboard connected (bypass): ahvk_ixSk9AuRyZkAAAD
[2026-05-01T13:17:39.128Z] INFO: [Socket] Agent connected: TEST-PC-1 (5d4d90e9d0316c44580277f42dbe6436)
[2026-05-01T13:17:48.756Z] WARN: [SessionCtrl] FORCE_STOP → device 9cd9ff199262d2bd11f01863da04170b
[2026-05-01T13:17:49.235Z] WARN: [SessionCtrl] FORCE_STOP → device 9cd9ff199262d2bd11f01863da04170b
[2026-05-01T13:17:51.196Z] WARN: [SessionCtrl] FORCE_STOP → device 9cd9ff199262d2bd11f01863da04170b
[2026-05-01T13:17:59.667Z] INFO: [Socket] Dashboard connected (bypass): wcHtxcj3OVPk2h0mAAAH
[2026-05-01T13:18:01.863Z] WARN: [SessionCtrl] FORCE_STOP → device 9cd9ff199262d2bd11f01863da04170b
[2026-05-01T13:18:02.135Z] WARN: [SessionCtrl] FORCE_STOP → device 9cd9ff199262d2bd11f01863da04170b
[2026-05-01T13:18:02.300Z] WARN: [SessionCtrl] FORCE_STOP → device 9cd9ff199262d2bd11f01863da04170b
[2026-05-01T13:18:02.451Z] WARN: [SessionCtrl] FORCE_STOP → device 9cd9ff199262d2bd11f01863da04170b
[2026-05-01T13:18:02.669Z] WARN: [SessionCtrl] FORCE_STOP → device 9cd9ff199262d2bd11f01863da04170b
[2026-05-01T13:18:22.112Z] INFO: [Socket] Dashboard connected (bypass): PmEFSifvcBuX2YnmAAAJ
[2026-05-01T13:20:47.994Z] INFO: [DB] SQLite connected: C:\Users\sajid\Desktop\Freelacing\actools\remote-manager\server\data\ac_manager.db
[2026-05-01T13:20:48.002Z] INFO: [DB] SQLite migrations complete
[2026-05-01T13:20:48.003Z] WARN: [DB] Startup cleanup: resetting 1 stuck device(s) to offline
[2026-05-01T13:20:48.004Z] WARN: [DB]   → "Gaming-PC-2" was in_session — reset to offline
[2026-05-01T13:20:48.795Z] WARN: [DB] Startup cleanup: marking 5 orphaned session(s) as 'error'
[2026-05-01T13:20:48.851Z] INFO: Server listening on :4000
[2026-05-01T13:20:49.807Z] INFO: [Socket] Dashboard connected (bypass): yY5-J44euJxR1rs_AAAB
[2026-05-01T13:20:49.971Z] INFO: [Socket] Agent connected: TEST-PC-1 (5d4d90e9d0316c44580277f42dbe6436)
[2026-05-01T13:20:54.229Z] INFO: [Socket] Dashboard connected (bypass): 7MMMGbLrRA_mG4NKAAAF
[2026-05-01T13:21:45.570Z] INFO: [Socket] Dashboard connected (bypass): VXbCBYI5dTV7iQwTAAAH
[2026-05-04T20:15:13.830Z] INFO: [DB] SQLite connected: C:\Users\sajid\Desktop\Freelacing\actools\remote-manager\server\data\ac_manager.db
[2026-05-04T20:15:13.840Z] INFO: [DB] SQLite migrations complete
[2026-05-04T20:15:13.842Z] INFO: [DB] Startup cleanup: no stale state found
[2026-05-04T20:15:13.846Z] INFO: Server listening on :4000
[2026-05-04T20:15:15.333Z] INFO: [Reporting] Daily report for 2026-05-04: 0 sessions, 0 min
[2026-05-04T20:15:15.341Z] INFO: [Socket] Dashboard connected (bypass): MJD8menwyCCt2fsaAAAB
[2026-05-04T20:15:16.362Z] INFO: [Socket] Agent connected: TEST-PC-1 (5d4d90e9d0316c44580277f42dbe6436)
[2026-05-04T20:15:26.723Z] INFO: [SessionCtrl] START_SESSION → device 5d4d90e9d0316c44580277f42dbe6436, session 16342308f04a6841da63034f3bb21285
[2026-05-04T20:17:59.672Z] WARN: [SessionCtrl] FORCE_STOP → device 5d4d90e9d0316c44580277f42dbe6436
[2026-05-04T20:18:00.450Z] WARN: [SessionCtrl] FORCE_STOP → device 5d4d90e9d0316c44580277f42dbe6436
[2026-05-04T20:29:26.853Z] INFO: [DB] SQLite connected: C:\Users\sajid\Desktop\Freelacing\actools\remote-manager\server\data\ac_manager.db
[2026-05-04T20:29:26.856Z] INFO: [DB] SQLite migrations complete
[2026-05-04T20:29:26.857Z] WARN: [DB] Startup cleanup: resetting 1 stuck device(s) to offline
[2026-05-04T20:29:26.858Z] WARN: [DB]   → "TEST-PC-1" was in_session — reset to offline
[2026-05-04T20:29:26.865Z] WARN: [DB] Startup cleanup: marking 1 orphaned session(s) as 'error'
[2026-05-04T20:29:26.875Z] INFO: Server listening on :4000
[2026-05-04T20:29:27.808Z] INFO: [Socket] Dashboard connected (bypass): mJTXvFESNPTryVSsAAAB
[2026-05-04T20:29:28.119Z] INFO: [Socket] Agent connected: TEST-PC-1 (5d4d90e9d0316c44580277f42dbe6436)
[2026-05-04T20:29:40.040Z] INFO: [SessionCtrl] START_SESSION → device 5d4d90e9d0316c44580277f42dbe6436, session e95d4dfe6c0e762e77528ffd940cb52e
[2026-05-04T20:29:40.858Z] INFO: [Socket] SESSION_ENDED: e95d4dfe6c0e762e77528ffd940cb52e — 0.0 min
[2026-05-04T20:31:59.959Z] WARN: [Socket] Agent rejected — bad token
[2026-05-04T20:32:03.916Z] WARN: [Socket] Agent rejected — bad token
[2026-05-04T20:32:18.237Z] WARN: [Socket] Agent rejected — bad token
[2026-05-04T20:32:35.495Z] WARN: [Socket] Agent rejected — bad token
[2026-05-04T20:33:25.605Z] INFO: [DB] SQLite connected: C:\Users\sajid\Desktop\Freelacing\actools\remote-manager\server\data\ac_manager.db
[2026-05-04T20:33:25.609Z] INFO: [DB] SQLite migrations complete
[2026-05-04T20:33:25.610Z] INFO: [DB] Startup cleanup: no stale state found
[2026-05-04T20:33:25.615Z] INFO: Server listening on :4000
[2026-05-04T20:33:26.659Z] INFO: [Socket] Dashboard connected (bypass): 1SezjdINmM67Z034AAAB
[2026-05-04T20:33:28.952Z] INFO: [Socket] Agent connected: TEST-PC-1 (5d4d90e9d0316c44580277f42dbe6436)
[2026-05-04T20:33:39.183Z] WARN: [Socket] Agent rejected — bad token
[2026-05-04T20:33:55.143Z] WARN: [Socket] Agent rejected — bad token
[2026-05-04T20:34:00.844Z] INFO: [SessionCtrl] START_SESSION → device 5d4d90e9d0316c44580277f42dbe6436, session 3b2ee7d19d11d3619057da7a19d24328
[2026-05-04T20:34:01.417Z] INFO: [Socket] SESSION_ENDED: 3b2ee7d19d11d3619057da7a19d24328 — 0.0 min
[2026-05-04T20:34:06.757Z] INFO: [SessionCtrl] START_SESSION → device 5d4d90e9d0316c44580277f42dbe6436, session 5e2b3d3403dd63253ab87e420cd78341
[2026-05-04T20:34:07.359Z] INFO: [Socket] SESSION_ENDED: 5e2b3d3403dd63253ab87e420cd78341 — 0.0 min
[2026-05-04T20:34:34.551Z] WARN: [Socket] Agent rejected — bad token
[2026-05-04T20:37:06.270Z] INFO: [DB] SQLite connected: C:\Users\sajid\Desktop\Freelacing\actools\remote-manager\server\data\ac_manager.db
[2026-05-04T20:37:06.273Z] INFO: [DB] SQLite migrations complete
[2026-05-04T20:37:06.274Z] INFO: [DB] Startup cleanup: no stale state found
[2026-05-04T20:37:06.277Z] INFO: Server listening on :4000
[2026-05-04T20:37:07.373Z] INFO: [Socket] Dashboard connected (bypass): DtQuHNgNcuGDL0y-AAAB
[2026-05-04T20:37:08.212Z] INFO: [Socket] Agent connected: TEST-PC-1 (5d4d90e9d0316c44580277f42dbe6436)
[2026-05-04T20:37:16.132Z] INFO: [SessionCtrl] START_SESSION → device 5d4d90e9d0316c44580277f42dbe6436, session a43d21a963b1409129eab9596a6c4b7a
[2026-05-04T20:37:16.906Z] INFO: [Socket] SESSION_ENDED: a43d21a963b1409129eab9596a6c4b7a — 0.0 min
[2026-05-04T20:42:53.197Z] INFO: [DB] SQLite connected: C:\Users\sajid\Desktop\Freelacing\actools\remote-manager\server\data\ac_manager.db
[2026-05-04T20:42:53.203Z] INFO: [DB] SQLite migrations complete
[2026-05-04T20:42:53.204Z] INFO: [DB] Startup cleanup: no stale state found
[2026-05-04T20:42:53.209Z] INFO: Server listening on :4000
[2026-05-04T20:42:54.235Z] INFO: [Socket] Dashboard connected (bypass): yE2z0bTqgD9s-2FYAAAB
[2026-05-04T20:42:54.932Z] INFO: [Socket] Agent connected: TEST-PC-1 (5d4d90e9d0316c44580277f42dbe6436)
[2026-05-04T20:43:02.767Z] INFO: [SessionCtrl] START_SESSION → device 5d4d90e9d0316c44580277f42dbe6436, session 122bd852bfd5eb0782513d14fdcab5e1
[2026-05-04T20:43:03.333Z] INFO: [Socket] SESSION_ENDED: 122bd852bfd5eb0782513d14fdcab5e1 — 0.0 min
[2026-05-04T20:43:20.312Z] WARN: [Socket] Agent rejected — bad token
[2026-05-04T20:48:15.315Z] INFO: [DB] SQLite connected: C:\Users\sajid\Desktop\Freelacing\actools\remote-manager\server\data\ac_manager.db
[2026-05-04T20:48:15.318Z] INFO: [DB] SQLite migrations complete
[2026-05-04T20:48:15.320Z] INFO: [DB] Startup cleanup: no stale state found
[2026-05-04T20:48:15.325Z] INFO: Server listening on :4000
[2026-05-04T20:48:16.407Z] INFO: [Socket] Dashboard connected (bypass): F92v9YXC_tuuB10XAAAB
[2026-05-04T20:48:19.316Z] INFO: [Socket] Agent connected: TEST-PC-1 (5d4d90e9d0316c44580277f42dbe6436)
[2026-05-04T20:48:23.259Z] INFO: [SessionCtrl] START_SESSION → device 5d4d90e9d0316c44580277f42dbe6436, session 6e06c2b349609cbf5c3b77de49912f68
[2026-05-04T20:48:23.983Z] INFO: [Socket] SESSION_ENDED: 6e06c2b349609cbf5c3b77de49912f68 — 0.0 min
[2026-05-04T20:48:31.462Z] INFO: [SessionCtrl] START_SESSION → device 5d4d90e9d0316c44580277f42dbe6436, session 7e0b2db763f1f31c62edf8f7c2a046f4
[2026-05-04T20:48:32.014Z] INFO: [Socket] SESSION_ENDED: 7e0b2db763f1f31c62edf8f7c2a046f4 — 0.0 min
[2026-05-04T20:49:09.201Z] INFO: [DB] SQLite connected: C:\Users\sajid\Desktop\Freelacing\actools\remote-manager\server\data\ac_manager.db
[2026-05-04T20:49:09.205Z] INFO: [DB] SQLite migrations complete
[2026-05-04T20:49:09.206Z] INFO: [DB] Startup cleanup: no stale state found
[2026-05-04T20:49:09.210Z] INFO: Server listening on :4000
[2026-05-04T20:49:09.372Z] INFO: [Socket] Agent connected: TEST-PC-1 (5d4d90e9d0316c44580277f42dbe6436)
[2026-05-04T20:49:10.229Z] INFO: [Socket] Dashboard connected (bypass): cxbzMKWSWD-9bvKTAAAD
[2026-05-04T20:51:00.480Z] INFO: [Devices] Registered: Gaming-PC-10
[2026-05-04T20:51:00.512Z] INFO: [Socket] Agent connected: Gaming-PC-10 (0f9eb31de8b877d43b9c42ea250a8e84)
[2026-05-04T20:51:11.135Z] INFO: [Socket] Agent disconnected: Gaming-PC-10
[2026-05-04T20:51:18.261Z] INFO: [DB] SQLite connected: C:\Users\sajid\Desktop\Freelacing\actools\remote-manager\server\data\ac_manager.db
[2026-05-04T20:51:18.266Z] INFO: [DB] SQLite migrations complete
[2026-05-04T20:51:18.267Z] INFO: [DB] Startup cleanup: no stale state found
[2026-05-04T20:51:18.272Z] INFO: Server listening on :4000
[2026-05-04T20:51:19.444Z] INFO: [Socket] Dashboard connected (bypass): lGzv4iAQHHkeHkWqAAAB
[2026-05-04T20:51:19.875Z] INFO: [Socket] Agent connected: TEST-PC-1 (5d4d90e9d0316c44580277f42dbe6436)
[2026-05-04T20:51:22.898Z] INFO: [Socket] Agent connected: Gaming-PC-10 (0f9eb31de8b877d43b9c42ea250a8e84)
[2026-05-04T20:51:37.400Z] INFO: [SessionCtrl] START_SESSION → device 0f9eb31de8b877d43b9c42ea250a8e84, session 780d85e9a17ba139b1e3b01c1eb79b7b
[2026-05-04T20:51:37.409Z] ERROR: [Socket] SESSION_ERROR on 780d85e9a17ba139b1e3b01c1eb79b7b: AcAgent.exe not found at: "C:\AcRemoteAgent\AcAgent\AcAgentCli.exe". Check AC_AGENT_EXE in .env
[2026-05-04T20:52:25.588Z] INFO: [DB] SQLite connected: C:\Users\sajid\Desktop\Freelacing\actools\remote-manager\server\data\ac_manager.db
[2026-05-04T20:52:25.592Z] INFO: [DB] SQLite migrations complete
[2026-05-04T20:52:25.593Z] INFO: [DB] Startup cleanup: no stale state found
[2026-05-04T20:52:25.600Z] INFO: Server listening on :4000
[2026-05-04T20:52:26.591Z] INFO: [Socket] Dashboard connected (bypass): KjQ1ot-VwGz821a7AAAB
[2026-05-04T20:52:30.060Z] INFO: [Socket] Agent connected: Gaming-PC-10 (0f9eb31de8b877d43b9c42ea250a8e84)
[2026-05-04T20:52:30.075Z] INFO: [Socket] Agent connected: TEST-PC-1 (5d4d90e9d0316c44580277f42dbe6436)
[2026-05-04T20:52:35.758Z] INFO: [Socket] Agent disconnected: Gaming-PC-10
[2026-05-04T20:52:48.133Z] INFO: [Socket] Agent connected: Gaming-PC-10 (0f9eb31de8b877d43b9c42ea250a8e84)
[2026-05-04T20:52:57.086Z] INFO: [SessionCtrl] START_SESSION → device 0f9eb31de8b877d43b9c42ea250a8e84, session fb0fc4416913da89e653b805b51752c5
[2026-05-04T20:52:57.715Z] INFO: [Socket] SESSION_ENDED: fb0fc4416913da89e653b805b51752c5 — 0.0 min
[2026-05-04T20:53:05.383Z] INFO: [SessionCtrl] START_SESSION → device 0f9eb31de8b877d43b9c42ea250a8e84, session a2afe96de902a399f346f38722143f91
[2026-05-04T20:53:05.924Z] INFO: [Socket] SESSION_ENDED: a2afe96de902a399f346f38722143f91 — 0.0 min
[2026-05-04T20:53:19.543Z] INFO: [Socket] Agent disconnected: Gaming-PC-10
[2026-05-04T20:53:58.861Z] INFO: [Socket] Agent connected: Gaming-PC-10 (0f9eb31de8b877d43b9c42ea250a8e84)
[2026-05-04T20:54:06.535Z] INFO: [DB] SQLite connected: C:\Users\sajid\Desktop\Freelacing\actools\remote-manager\server\data\ac_manager.db
[2026-05-04T20:54:06.537Z] INFO: [DB] SQLite migrations complete
[2026-05-04T20:54:06.538Z] INFO: [DB] Startup cleanup: no stale state found
[2026-05-04T20:54:06.543Z] INFO: Server listening on :4000
[2026-05-04T20:54:07.469Z] INFO: [Socket] Agent connected: Gaming-PC-10 (0f9eb31de8b877d43b9c42ea250a8e84)
[2026-05-04T20:54:07.602Z] INFO: [Socket] Dashboard connected (bypass): H1FwFQ3Nvs6SlPItAAAD
[2026-05-04T20:54:10.982Z] INFO: [Socket] Agent connected: TEST-PC-1 (5d4d90e9d0316c44580277f42dbe6436)
[2026-05-04T20:54:14.203Z] INFO: [SessionCtrl] START_SESSION → device 0f9eb31de8b877d43b9c42ea250a8e84, session 6d368520708bc108dcc590d63762b4c1
[2026-05-04T20:54:14.944Z] INFO: [Socket] SESSION_ENDED: 6d368520708bc108dcc590d63762b4c1 — 0.0 min
[2026-05-04T20:54:19.255Z] INFO: [SessionCtrl] START_SESSION → device 5d4d90e9d0316c44580277f42dbe6436, session 1a1312cd814337a5d386fcb774b166d8
[2026-05-04T20:54:19.800Z] INFO: [Socket] SESSION_ENDED: 1a1312cd814337a5d386fcb774b166d8 — 0.0 min
[2026-05-04T20:58:52.378Z] INFO: [Socket] SESSION_ENDED: 16342308f04a6841da63034f3bb21285 — 43.4 min
[2026-05-04T21:02:07.873Z] INFO: [DB] SQLite connected: C:\Users\sajid\Desktop\Freelacing\actools\remote-manager\server\data\ac_manager.db
[2026-05-04T21:02:07.876Z] INFO: [DB] SQLite migrations complete
[2026-05-04T21:02:07.877Z] INFO: [DB] Startup cleanup: no stale state found
[2026-05-04T21:02:07.880Z] INFO: Server listening on :4000
[2026-05-04T21:02:08.669Z] INFO: [Socket] Dashboard connected (bypass): 7su6EwmdQL_3qLHAAAAB
[2026-05-04T21:02:08.807Z] INFO: [Socket] Agent connected: Gaming-PC-10 (0f9eb31de8b877d43b9c42ea250a8e84)
[2026-05-04T21:02:12.825Z] INFO: [Socket] Agent connected: TEST-PC-1 (5d4d90e9d0316c44580277f42dbe6436)
[2026-05-04T21:02:21.127Z] INFO: [SessionCtrl] START_SESSION → device 0f9eb31de8b877d43b9c42ea250a8e84, session 88887f63624eb51256a3d3750288f8a3
[2026-05-04T21:02:21.685Z] INFO: [Socket] SESSION_ENDED: 88887f63624eb51256a3d3750288f8a3 — 0.0 min
[2026-05-04T21:02:33.987Z] INFO: [SessionCtrl] START_SESSION → device 5d4d90e9d0316c44580277f42dbe6436, session be8962a2d7b159ca8255832a9fb37da5
[2026-05-04T21:02:34.660Z] INFO: [Socket] SESSION_STARTED: be8962a2d7b159ca8255832a9fb37da5
[2026-05-04T21:02:35.587Z] INFO: [Socket] SESSION_ENDED: be8962a2d7b159ca8255832a9fb37da5 — 0.0 min
[2026-05-04T21:02:43.417Z] INFO: [SessionCtrl] START_SESSION → device 5d4d90e9d0316c44580277f42dbe6436, session 847fdb629a9ea877461e31feb384e3ab
[2026-05-04T21:02:43.927Z] INFO: [Socket] SESSION_STARTED: 847fdb629a9ea877461e31feb384e3ab
[2026-05-04T21:02:44.795Z] INFO: [Socket] SESSION_ENDED: 847fdb629a9ea877461e31feb384e3ab — 0.0 min
[2026-05-04T21:02:50.206Z] INFO: [SessionCtrl] START_SESSION → device 5d4d90e9d0316c44580277f42dbe6436, session 70d40327df7b32f0111bafc9abcc2f72
[2026-05-04T21:02:50.661Z] INFO: [Socket] SESSION_STARTED: 70d40327df7b32f0111bafc9abcc2f72
[2026-05-04T21:02:51.520Z] INFO: [Socket] SESSION_ENDED: 70d40327df7b32f0111bafc9abcc2f72 — 0.0 min
[2026-05-04T21:03:09.985Z] INFO: [Socket] Agent disconnected: Gaming-PC-10
[2026-05-04T21:14:20.438Z] INFO: [DB] SQLite connected: C:\Users\sajid\Desktop\Freelacing\actools\remote-manager\server\data\ac_manager.db
[2026-05-04T21:14:20.444Z] INFO: [DB] SQLite migrations complete
[2026-05-04T21:14:20.445Z] INFO: [DB] Startup cleanup: no stale state found
[2026-05-04T21:14:20.451Z] INFO: Server listening on :4000
[2026-05-04T21:14:21.516Z] INFO: [Socket] Dashboard connected (bypass): 5oVm4gH7bEr8zEdVAAAB
[2026-05-04T21:14:24.977Z] INFO: [Socket] Agent connected: TEST-PC-1 (5d4d90e9d0316c44580277f42dbe6436)
[2026-05-04T21:14:47.564Z] INFO: [Socket] Agent connected: Gaming-PC-10 (0f9eb31de8b877d43b9c42ea250a8e84)
[2026-05-04T21:15:05.162Z] INFO: [SessionCtrl] START_SESSION → device 0f9eb31de8b877d43b9c42ea250a8e84, session 52207d3a8f34e8b3c5660ac976815d3d
[2026-05-04T21:15:05.695Z] INFO: [Socket] SESSION_ENDED: 52207d3a8f34e8b3c5660ac976815d3d — 0.0 min
[2026-05-04T21:15:15.440Z] INFO: [SessionCtrl] START_SESSION → device 5d4d90e9d0316c44580277f42dbe6436, session dab86c64b4f38113a1cf836ae6ff51a5
[2026-05-04T21:15:15.927Z] INFO: [Socket] SESSION_STARTED: dab86c64b4f38113a1cf836ae6ff51a5
[2026-05-04T21:15:16.734Z] INFO: [Socket] SESSION_ENDED: dab86c64b4f38113a1cf836ae6ff51a5 — 0.0 min
[2026-05-04T21:16:04.106Z] INFO: [SessionCtrl] START_SESSION → device 0f9eb31de8b877d43b9c42ea250a8e84, session fbd1dea13e4c21b968d0bb2aedf195aa
[2026-05-04T21:16:04.646Z] INFO: [Socket] SESSION_ENDED: fbd1dea13e4c21b968d0bb2aedf195aa — 0.0 min
[2026-05-04T21:30:41.858Z] INFO: [DB] SQLite connected: C:\Users\sajid\Desktop\Freelacing\actools\remote-manager\server\data\ac_manager.db
[2026-05-04T21:30:41.862Z] INFO: [DB] SQLite migrations complete
[2026-05-04T21:30:41.864Z] INFO: [DB] Startup cleanup: no stale state found
[2026-05-04T21:30:41.868Z] INFO: Server listening on :4000
[2026-05-04T21:30:42.841Z] INFO: [Socket] Dashboard connected (bypass): pYvoFWJk2mb3Ijq8AAAB
[2026-05-04T21:30:43.067Z] INFO: [Socket] Agent connected: TEST-PC-1 (5d4d90e9d0316c44580277f42dbe6436)
[2026-05-04T21:35:14.759Z] INFO: [DB] SQLite connected: C:\Users\sajid\Desktop\Freelacing\actools\remote-manager\server\data\ac_manager.db
[2026-05-04T21:35:14.762Z] INFO: [DB] SQLite migrations complete
[2026-05-04T21:35:14.763Z] INFO: [DB] Startup cleanup: no stale state found
[2026-05-04T21:35:14.767Z] INFO: Server listening on :4000
[2026-05-04T21:35:15.873Z] INFO: [Socket] Dashboard connected (bypass): CXcmujAF01iECSCEAAAB
[2026-05-04T21:35:16.811Z] INFO: [Socket] Agent connected: TEST-PC-1 (5d4d90e9d0316c44580277f42dbe6436)
[2026-05-04T21:35:23.502Z] INFO: [Socket] Agent connected: Gaming-PC-10 (0f9eb31de8b877d43b9c42ea250a8e84)
[2026-05-04T21:35:32.798Z] INFO: [SessionCtrl] START_SESSION → device 0f9eb31de8b877d43b9c42ea250a8e84, session 618abaeea629095df897f53cdde571f1
[2026-05-04T21:35:34.329Z] INFO: [Socket] SESSION_STARTED: 618abaeea629095df897f53cdde571f1
[2026-05-04T21:35:38.736Z] INFO: [Socket] SESSION_ENDED: 618abaeea629095df897f53cdde571f1 — 0.1 min
[2026-05-04T21:37:54.002Z] INFO: [Socket] Agent disconnected: Gaming-PC-10
[2026-05-04T21:38:47.725Z] INFO: [DB] SQLite connected: C:\Users\sajid\Desktop\Freelacing\actools\remote-manager\server\data\ac_manager.db
[2026-05-04T21:38:47.730Z] INFO: [DB] SQLite migrations complete
[2026-05-04T21:38:47.731Z] INFO: [DB] Startup cleanup: no stale state found
[2026-05-04T21:38:47.736Z] INFO: Server listening on :4000
[2026-05-04T21:38:48.720Z] INFO: [Socket] Dashboard connected (bypass): eg3lP43tpgD5xREXAAAB
[2026-05-04T21:38:50.995Z] INFO: [Socket] Agent connected: TEST-PC-1 (5d4d90e9d0316c44580277f42dbe6436)
[2026-05-04T21:38:57.776Z] INFO: [Socket] Agent connected: Gaming-PC-10 (0f9eb31de8b877d43b9c42ea250a8e84)
[2026-05-04T21:39:08.570Z] INFO: [SessionCtrl] START_SESSION → device 0f9eb31de8b877d43b9c42ea250a8e84, session 202bd95343a1d80bb8e01a6d0e93ab38
[2026-05-04T21:39:10.133Z] INFO: [Socket] SESSION_STARTED: 202bd95343a1d80bb8e01a6d0e93ab38
[2026-05-04T21:39:13.889Z] INFO: [Socket] SESSION_ENDED: 202bd95343a1d80bb8e01a6d0e93ab38 — 0.1 min
[2026-05-04T21:47:38.458Z] INFO: [Socket] Agent disconnected: Gaming-PC-10
[2026-05-04T22:09:34.421Z] INFO: [Socket] Dashboard connected (bypass): P3Ot2-tI3gUaJddnAAAH
[2026-05-04T22:29:05.312Z] INFO: [Socket] Dashboard connected (bypass): IZv-TcpztVpvzqWRAAAJ
[2026-05-04T22:32:07.127Z] INFO: [DB] SQLite connected: C:\Users\sajid\Desktop\Freelacing\actools\remote-manager\server\data\ac_manager.db
[2026-05-04T22:32:07.130Z] INFO: [DB] SQLite migrations complete
[2026-05-04T22:32:07.131Z] INFO: [DB] Startup cleanup: no stale state found
[2026-05-04T22:32:07.136Z] INFO: Server listening on :4000
[2026-05-04T22:32:07.661Z] INFO: [Socket] Agent connected: TEST-PC-1 (5d4d90e9d0316c44580277f42dbe6436)
[2026-05-04T22:32:08.327Z] INFO: [Socket] Dashboard connected (bypass): gBtV3fJkCf6xK39eAAAD
[2026-05-04T22:34:49.949Z] INFO: [DB] SQLite connected: C:\Users\sajid\Desktop\Freelacing\actools\remote-manager\server\data\ac_manager.db
[2026-05-04T22:34:49.954Z] INFO: [DB] SQLite migrations complete
[2026-05-04T22:34:49.955Z] INFO: [DB] Startup cleanup: no stale state found
[2026-05-04T22:34:49.961Z] INFO: Server listening on :4000
[2026-05-04T22:34:51.081Z] INFO: [Socket] Dashboard connected (bypass): iaobXu9n86yhDEWNAAAB
[2026-05-04T22:34:52.068Z] INFO: [Socket] Agent connected: TEST-PC-1 (5d4d90e9d0316c44580277f42dbe6436)
[2026-05-04T22:35:04.383Z] INFO: [SessionCtrl] START_SESSION → device 5d4d90e9d0316c44580277f42dbe6436, session d31f2987377913145c894a401dfadcb3
[2026-05-04T22:35:06.203Z] INFO: [Socket] SESSION_STARTED: d31f2987377913145c894a401dfadcb3
[2026-05-04T22:35:09.804Z] INFO: [Socket] SESSION_ENDED: d31f2987377913145c894a401dfadcb3 — 0.1 min
[2026-05-04T22:36:59.603Z] INFO: [Socket] Agent connected: Gaming-PC-10 (0f9eb31de8b877d43b9c42ea250a8e84)
[2026-05-04T22:37:12.277Z] INFO: [SessionCtrl] START_SESSION → device 0f9eb31de8b877d43b9c42ea250a8e84, session 9393f2ebb16600062cd790032beebf85
[2026-05-04T22:37:38.767Z] INFO: [Socket] SESSION_STARTED: 9393f2ebb16600062cd790032beebf85
[2026-05-04T22:37:58.248Z] INFO: [Socket] SESSION_ENDED: 9393f2ebb16600062cd790032beebf85 — 0.8 min
[2026-05-04T22:38:33.302Z] INFO: [Socket] Agent disconnected: Gaming-PC-10
[2026-05-04T22:42:17.400Z] INFO: [DB] SQLite connected: C:\Users\sajid\Desktop\Freelacing\actools\remote-manager\server\data\ac_manager.db
[2026-05-04T22:42:17.403Z] INFO: [DB] SQLite migrations complete
[2026-05-04T22:42:17.404Z] INFO: [DB] Startup cleanup: no stale state found
[2026-05-04T22:42:17.407Z] INFO: Server listening on :4000
[2026-05-04T22:42:20.062Z] INFO: [Socket] Agent connected: TEST-PC-1 (5d4d90e9d0316c44580277f42dbe6436)
[2026-05-04T22:43:31.665Z] INFO: [DB] SQLite connected: C:\Users\sajid\Desktop\Freelacing\actools\remote-manager\server\data\ac_manager.db
[2026-05-04T22:43:31.668Z] INFO: [DB] SQLite migrations complete
[2026-05-04T22:43:31.669Z] INFO: [DB] Startup cleanup: no stale state found
[2026-05-04T22:43:31.673Z] INFO: Server listening on :4000
[2026-05-04T22:43:35.228Z] INFO: [Socket] Agent connected: TEST-PC-1 (5d4d90e9d0316c44580277f42dbe6436)
[2026-05-04T22:43:43.643Z] INFO: [Socket] Agent connected: Gaming-PC-10 (0f9eb31de8b877d43b9c42ea250a8e84)
[2026-05-04T22:45:08.738Z] INFO: [DB] SQLite connected: C:\Users\sajid\Desktop\Freelacing\actools\remote-manager\server\data\ac_manager.db
[2026-05-04T22:45:08.741Z] INFO: [DB] SQLite migrations complete
[2026-05-04T22:45:08.742Z] INFO: [DB] Startup cleanup: no stale state found
[2026-05-04T22:45:08.748Z] INFO: Server listening on :4000
[2026-05-04T22:45:12.132Z] INFO: [Socket] Agent connected: TEST-PC-1 (5d4d90e9d0316c44580277f42dbe6436)
[2026-05-04T22:48:11.776Z] INFO: [DB] SQLite connected: C:\Users\sajid\Desktop\Freelacing\actools\remote-manager\server\data\ac_manager.db
[2026-05-04T22:48:11.779Z] INFO: [DB] SQLite migrations complete
[2026-05-04T22:48:11.780Z] INFO: [DB] Startup cleanup: no stale state found
[2026-05-04T22:48:11.784Z] INFO: Server listening on :4000
[2026-05-04T22:48:12.996Z] INFO: [Socket] Dashboard connected (bypass): Bwl_4iDxP_2nZi_NAAAB
[2026-05-04T22:48:15.857Z] INFO: [Socket] Dashboard connected (bypass): gfMkshmGzd0jWTljAAAD
[2026-05-04T22:48:16.424Z] INFO: [Socket] Dashboard connected (bypass): rxcqNMNBiaGGsz_GAAAF
[2026-05-04T22:48:16.455Z] INFO: [Socket] Agent connected: TEST-PC-1 (5d4d90e9d0316c44580277f42dbe6436)
[2026-05-04T22:48:16.920Z] INFO: [Socket] Dashboard connected (bypass): FTBO2pC636yiTW06AAAJ
[2026-05-04T22:48:18.600Z] INFO: [Socket] Dashboard connected (bypass): 1Eupie-tRLxnIqDtAAAL
[2026-05-04T22:48:26.067Z] INFO: [Socket] Dashboard connected (bypass): GVs7H0j9GZt8i5JbAAAN
[2026-05-04T22:48:28.031Z] INFO: [Socket] Dashboard connected (bypass): 0oXKV2AfD6ulmQtuAAAP
[2026-05-04T22:48:28.212Z] INFO: [Socket] Dashboard connected (bypass): Zek2VdYFxmD84lpOAAAR
[2026-05-04T22:48:29.120Z] INFO: [Socket] Dashboard connected (bypass): jjVzTLviehFm57BaAAAT
[2026-05-04T22:50:33.933Z] INFO: [Socket] Dashboard connected (bypass): G-j2pTd8AARRjLstAAAV
[2026-05-04T22:50:35.661Z] INFO: [Socket] Dashboard connected (bypass): _5_xY_EXuz70CBffAAAX
[2026-05-04T22:50:36.098Z] INFO: [Socket] Dashboard connected (bypass): hR0USVLNIwXqfFa0AAAZ
[2026-05-04T22:50:36.258Z] INFO: [Socket] Dashboard connected (bypass): KgotogNn31h_simTAAAb
[2026-05-04T22:50:36.404Z] INFO: [Socket] Dashboard connected (bypass): s-v_nAzQu-xmKQ2xAAAd
[2026-05-04T22:50:36.702Z] INFO: [Socket] Dashboard connected (bypass): xUVhkX7E-eSwiJDIAAAf
[2026-05-04T22:50:41.599Z] INFO: [Socket] Agent connected: Gaming-PC-10 (0f9eb31de8b877d43b9c42ea250a8e84)
[2026-05-04T22:50:46.458Z] INFO: [Socket] Dashboard connected (bypass): h1jLvhBUj4dhMAPmAAAj
[2026-05-04T22:51:08.286Z] INFO: [Socket] Agent disconnected: Gaming-PC-10
[2026-05-04T22:54:24.829Z] INFO: [DB] SQLite connected: C:\Users\sajid\Desktop\Freelacing\actools\remote-manager\server\data\ac_manager.db
[2026-05-04T22:54:24.832Z] INFO: [DB] SQLite migrations complete
[2026-05-04T22:54:24.833Z] INFO: [DB] Startup cleanup: no stale state found
[2026-05-04T22:54:24.837Z] INFO: Server listening on :4000
[2026-05-04T22:54:25.279Z] INFO: [Socket] Agent connected: TEST-PC-1 (5d4d90e9d0316c44580277f42dbe6436)
[2026-05-04T22:54:25.943Z] INFO: [Socket] Dashboard connected (bypass): AFuf9S55pGjrFZKXAAAD
[2026-05-04T22:54:27.383Z] INFO: [Socket] Dashboard connected (bypass): 7FSxgmJsyN96nhBbAAAF
[2026-05-04T22:54:27.779Z] INFO: [Socket] Dashboard connected (bypass): e9bAZ4OVgG9t1t3YAAAH
[2026-05-04T22:54:27.948Z] INFO: [Socket] Dashboard connected (bypass): LB_iyFdBTTwC89uEAAAJ
[2026-05-04T22:54:28.111Z] INFO: [Socket] Dashboard connected (bypass): BZKWmsdbbcISeA1lAAAL
[2026-05-04T22:54:29.095Z] INFO: [Socket] Dashboard connected (bypass): TJ8kiEAWpR6ruzwbAAAN
[2026-05-04T22:58:18.008Z] INFO: [DB] SQLite connected: C:\Users\sajid\Desktop\Freelacing\actools\remote-manager\server\data\ac_manager.db
[2026-05-04T22:58:18.011Z] INFO: [DB] SQLite migrations complete
[2026-05-04T22:58:18.012Z] INFO: [DB] Startup cleanup: no stale state found
[2026-05-04T22:58:18.016Z] INFO: Server listening on :4000
[2026-05-04T22:58:19.168Z] INFO: [Socket] Dashboard connected (bypass): ZzT4XJzEptcj7AS3AAAB
[2026-05-04T22:58:19.567Z] INFO: [Socket] Agent connected: TEST-PC-1 (5d4d90e9d0316c44580277f42dbe6436)
[2026-05-04T22:58:27.473Z] INFO: [SessionCtrl] START_SESSION → device 5d4d90e9d0316c44580277f42dbe6436, session fa932b0580ccfb7782efd249d92389ba
[2026-05-04T22:59:13.877Z] WARN: [SessionCtrl] FORCE_STOP → device 5d4d90e9d0316c44580277f42dbe6436
[2026-05-04T22:59:13.909Z] INFO: [Socket] SESSION_ENDED: fa932b0580ccfb7782efd249d92389ba — 0.8 min
[2026-05-04T22:59:17.533Z] INFO: [Socket] Agent connected: Gaming-PC-10 (0f9eb31de8b877d43b9c42ea250a8e84)
[2026-05-04T22:59:29.761Z] INFO: [SessionCtrl] START_SESSION → device 0f9eb31de8b877d43b9c42ea250a8e84, session 84ec426199c9d721e1c216660f1e6b04
[2026-05-04T22:59:39.337Z] INFO: [Socket] SESSION_STARTED: 84ec426199c9d721e1c216660f1e6b04
[2026-05-04T23:04:40.179Z] INFO: [Socket] SESSION_ENDED: 84ec426199c9d721e1c216660f1e6b04 — 5.2 min
[2026-05-04T23:05:05.646Z] INFO: [Socket] Agent disconnected: Gaming-PC-10
[2026-05-04T23:05:23.073Z] INFO: [Socket] Agent connected: Gaming-PC-10 (0f9eb31de8b877d43b9c42ea250a8e84)
[2026-05-04T23:05:28.290Z] INFO: [Socket] Dashboard connected (bypass): y8qQE1eAEF1R7pchAAAJ
[2026-05-04T23:05:38.309Z] INFO: [SessionCtrl] START_SESSION → device 0f9eb31de8b877d43b9c42ea250a8e84, session fa52ed793bb1f9efe636d281ff463340
[2026-05-04T23:05:39.854Z] INFO: [Socket] SESSION_STARTED: fa52ed793bb1f9efe636d281ff463340
[2026-05-04T23:05:43.828Z] INFO: [Socket] SESSION_ENDED: fa52ed793bb1f9efe636d281ff463340 — 0.1 min
[2026-05-04T23:06:52.213Z] INFO: [Socket] Agent disconnected: Gaming-PC-10
[2026-05-04T23:07:14.355Z] INFO: [Socket] Agent connected: Gaming-PC-10 (0f9eb31de8b877d43b9c42ea250a8e84)
[2026-05-04T23:07:20.873Z] INFO: [Socket] Dashboard connected (bypass): qgc2Z5wvV8eXUy8xAAAN
[2026-05-04T23:07:31.361Z] INFO: [SessionCtrl] START_SESSION → device 0f9eb31de8b877d43b9c42ea250a8e84, session 1a318446e6b97a5e2085a922197872cc
[2026-05-04T23:07:35.923Z] INFO: [Socket] SESSION_STARTED: 1a318446e6b97a5e2085a922197872cc
[2026-05-04T23:07:53.677Z] INFO: [Socket] SESSION_ENDED: 1a318446e6b97a5e2085a922197872cc — 0.4 min
[2026-05-04T23:07:58.138Z] INFO: [Socket] Agent disconnected: Gaming-PC-10
[2026-05-04T23:08:42.222Z] INFO: [Socket] Dashboard connected (bypass): NuW0SJ4O9uAQUFjsAAAP
[2026-05-04T23:08:47.754Z] INFO: [Socket] Agent connected: Gaming-PC-10 (0f9eb31de8b877d43b9c42ea250a8e84)
[2026-05-04T23:08:53.117Z] INFO: [SessionCtrl] START_SESSION → device 0f9eb31de8b877d43b9c42ea250a8e84, session c5d7abf8ea5cb177e6fd1d59961603a3
[2026-05-04T23:08:54.584Z] INFO: [Socket] SESSION_STARTED: c5d7abf8ea5cb177e6fd1d59961603a3
[2026-05-04T23:08:58.363Z] INFO: [Socket] SESSION_ENDED: c5d7abf8ea5cb177e6fd1d59961603a3 — 0.1 min
[2026-05-04T23:09:48.949Z] INFO: [Socket] Agent disconnected: Gaming-PC-10
[2026-05-04T23:09:55.092Z] INFO: [Socket] Agent connected: Gaming-PC-10 (0f9eb31de8b877d43b9c42ea250a8e84)
[2026-05-04T23:09:58.629Z] INFO: [Socket] Dashboard connected (bypass): UB3V-LhpmUDkZD9yAAAV
[2026-05-04T23:10:06.261Z] INFO: [SessionCtrl] START_SESSION → device 0f9eb31de8b877d43b9c42ea250a8e84, session 1685f40a3f4df58e6f25658b2dc06029
[2026-05-04T23:10:07.881Z] INFO: [Socket] SESSION_STARTED: 1685f40a3f4df58e6f25658b2dc06029
[2026-05-04T23:10:11.890Z] INFO: [Socket] SESSION_ENDED: 1685f40a3f4df58e6f25658b2dc06029 — 0.1 min
[2026-05-04T23:10:26.304Z] INFO: [Socket] Agent disconnected: Gaming-PC-10
[2026-05-04T23:10:39.472Z] INFO: [Socket] Dashboard connected (bypass): RUS6tpDHaEkBl3feAAAX
[2026-05-04T23:10:51.315Z] INFO: [Socket] Agent connected: Gaming-PC-10 (0f9eb31de8b877d43b9c42ea250a8e84)
[2026-05-04T23:10:56.380Z] INFO: [SessionCtrl] START_SESSION → device 0f9eb31de8b877d43b9c42ea250a8e84, session 08e8ccddcb8b22bc8df6554d9942cf42
[2026-05-04T23:10:57.905Z] INFO: [Socket] SESSION_STARTED: 08e8ccddcb8b22bc8df6554d9942cf42
[2026-05-04T23:11:01.748Z] INFO: [Socket] SESSION_ENDED: 08e8ccddcb8b22bc8df6554d9942cf42 — 0.1 min
[2026-05-04T23:11:12.798Z] INFO: [Socket] Agent disconnected: Gaming-PC-10
[2026-05-04T23:11:26.973Z] INFO: [Socket] Dashboard connected (bypass): A1J2INEXnV3_gWQGAAAb
[2026-05-04T23:11:30.935Z] INFO: [Socket] Agent connected: Gaming-PC-10 (0f9eb31de8b877d43b9c42ea250a8e84)
[2026-05-04T23:11:40.166Z] INFO: [SessionCtrl] START_SESSION → device 0f9eb31de8b877d43b9c42ea250a8e84, session d81a78aefbb86a957e25721485d3582a
[2026-05-04T23:11:41.734Z] INFO: [Socket] SESSION_STARTED: d81a78aefbb86a957e25721485d3582a
[2026-05-04T23:11:45.576Z] INFO: [Socket] SESSION_ENDED: d81a78aefbb86a957e25721485d3582a — 0.1 min
[2026-05-04T23:12:05.211Z] INFO: [Socket] Dashboard connected (bypass): daDuFeFVkJWrEmTTAAAf
[2026-05-04T23:12:08.827Z] INFO: [Socket] Agent connected: Gaming-PC-10 (0f9eb31de8b877d43b9c42ea250a8e84)
[2026-05-04T23:12:18.481Z] INFO: [SessionCtrl] START_SESSION → device 0f9eb31de8b877d43b9c42ea250a8e84, session 2a0f315dc6e221d85882f7f082749695
[2026-05-04T23:12:19.447Z] INFO: [Socket] SESSION_ENDED: 2a0f315dc6e221d85882f7f082749695 — 0.0 min
[2026-05-04T23:12:20.052Z] INFO: [Socket] SESSION_STARTED: 2a0f315dc6e221d85882f7f082749695
[2026-05-04T23:12:23.995Z] INFO: [Socket] SESSION_ENDED: 2a0f315dc6e221d85882f7f082749695 — 0.1 min
[2026-05-04T23:12:47.734Z] INFO: [Socket] Agent disconnected: Gaming-PC-10
[2026-05-04T23:12:55.801Z] INFO: [Socket] Agent disconnected: Gaming-PC-10
[2026-05-04T23:15:12.169Z] INFO: [Socket] Agent connected: Gaming-PC-10 (0f9eb31de8b877d43b9c42ea250a8e84)
[2026-05-04T23:15:16.926Z] INFO: [Socket] Dashboard connected (bypass): 4HPaVC098P3XdlLZAAAl
[2026-05-04T23:15:22.029Z] INFO: [SessionCtrl] START_SESSION → device 0f9eb31de8b877d43b9c42ea250a8e84, session 100aefab76538f818b26a5df24e78f4d
[2026-05-04T23:15:23.715Z] INFO: [Socket] SESSION_STARTED: 100aefab76538f818b26a5df24e78f4d
[2026-05-04T23:15:27.526Z] INFO: [Socket] SESSION_ENDED: 100aefab76538f818b26a5df24e78f4d — 0.1 min
[2026-05-04T23:15:44.453Z] INFO: [Socket] Agent disconnected: Gaming-PC-10
[2026-05-04T23:19:07.026Z] INFO: [Socket] Dashboard connected (bypass): tipocHynDm0RVxmLAAAn
[2026-05-04T23:19:35.522Z] INFO: [Socket] Agent connected: Gaming-PC-10 (0f9eb31de8b877d43b9c42ea250a8e84)
[2026-05-04T23:19:44.060Z] INFO: [SessionCtrl] START_SESSION → device 0f9eb31de8b877d43b9c42ea250a8e84, session ed1dcb519ae45cdc7c505ed0f037c1c1
[2026-05-04T23:19:48.581Z] INFO: [Socket] SESSION_STARTED: ed1dcb519ae45cdc7c505ed0f037c1c1
[2026-05-04T23:20:09.569Z] WARN: [SessionCtrl] FORCE_STOP → device 0f9eb31de8b877d43b9c42ea250a8e84
[2026-05-04T23:20:09.689Z] INFO: [Socket] SESSION_ENDED: ed1dcb519ae45cdc7c505ed0f037c1c1 — 0.4 min
[2026-05-04T23:20:14.089Z] INFO: [Socket] Agent disconnected: Gaming-PC-10
[2026-05-04T23:20:56.675Z] INFO: [Socket] Dashboard connected (bypass): LERgWijmdTSZkWx2AAAr
[2026-05-04T23:22:11.858Z] INFO: [Devices] Registered: Gaming-PC-sdk
[2026-05-04T23:22:11.898Z] INFO: [Socket] Agent connected: Gaming-PC-sdk (899f90afe6f0fc034ea75901cf525a93)
[2026-05-04T23:22:22.900Z] INFO: [Socket] Dashboard connected (bypass): _zCiMfbbf0cB3YvWAAAv
[2026-05-04T23:22:27.853Z] INFO: [SessionCtrl] START_SESSION → device 899f90afe6f0fc034ea75901cf525a93, session 552bc88caaab09c464943c463391d23e
[2026-05-04T23:22:29.374Z] INFO: [Socket] SESSION_STARTED: 552bc88caaab09c464943c463391d23e
[2026-05-04T23:22:33.048Z] INFO: [Socket] SESSION_ENDED: 552bc88caaab09c464943c463391d23e — 0.1 min
[2026-05-04T23:23:07.311Z] INFO: [Socket] Agent connected: Gaming-PC-sdk (899f90afe6f0fc034ea75901cf525a93)
[2026-05-04T23:23:14.179Z] INFO: [Socket] Dashboard connected (bypass): LGJzHYuULcr6f9L1AAAz
[2026-05-04T23:23:19.419Z] INFO: [SessionCtrl] START_SESSION → device 899f90afe6f0fc034ea75901cf525a93, session 66a415dc5399b3719e1fef9a21881440
[2026-05-04T23:23:20.929Z] INFO: [Socket] SESSION_STARTED: 66a415dc5399b3719e1fef9a21881440
[2026-05-04T23:23:20.938Z] INFO: [Socket] SESSION_STARTED: 66a415dc5399b3719e1fef9a21881440
[2026-05-04T23:23:24.539Z] INFO: [Socket] SESSION_ENDED: 66a415dc5399b3719e1fef9a21881440 — 0.1 min
[2026-05-04T23:23:24.548Z] INFO: [Socket] SESSION_ENDED: 66a415dc5399b3719e1fef9a21881440 — 0.1 min
[2026-05-04T23:23:37.064Z] INFO: [Socket] Agent disconnected: Gaming-PC-sdk
[2026-05-04T23:23:42.125Z] INFO: [Socket] Agent disconnected: Gaming-PC-sdk
[2026-05-04T23:23:56.004Z] INFO: [Socket] Dashboard connected (bypass): LTzF6qqYHWDSHll5AAA1
[2026-05-04T23:24:01.985Z] INFO: [Socket] Agent connected: Gaming-PC-sdk (899f90afe6f0fc034ea75901cf525a93)
[2026-05-04T23:24:08.900Z] INFO: [SessionCtrl] START_SESSION → device 899f90afe6f0fc034ea75901cf525a93, session d6e09d11447d8d57d13c54f06c4f5d68
[2026-05-04T23:24:10.487Z] INFO: [Socket] SESSION_STARTED: d6e09d11447d8d57d13c54f06c4f5d68
[2026-05-04T23:24:14.241Z] INFO: [Socket] SESSION_ENDED: d6e09d11447d8d57d13c54f06c4f5d68 — 0.1 min
[2026-05-04T23:24:25.823Z] INFO: [Socket] Agent disconnected: Gaming-PC-sdk
[2026-05-04T23:25:26.430Z] INFO: [Socket] Dashboard connected (bypass): i9W0EA0YEiJCUXEdAAA5
[2026-05-04T23:32:02.652Z] INFO: [DB] SQLite connected: C:\Users\sajid\Desktop\Freelacing\actools\remote-manager\server\data\ac_manager.db
[2026-05-04T23:32:02.656Z] INFO: [DB] SQLite migrations complete
[2026-05-04T23:32:02.658Z] INFO: [DB] Startup cleanup: no stale state found
[2026-05-04T23:32:02.664Z] INFO: Server listening on :4000
[2026-05-04T23:32:02.776Z] INFO: [Socket] Dashboard connected (bypass): IeGWyuNsOXGxOSmgAAAD
[2026-05-04T23:32:02.777Z] INFO: [Socket] Dashboard connected (bypass): CpRi42z0ysKcgh6kAAAE
[2026-05-04T23:32:02.779Z] INFO: [Socket] Dashboard connected (bypass): litIJ3v4m1GV3K7cAAAF
[2026-05-04T23:32:02.790Z] INFO: [Socket] Dashboard connected (bypass): tE2C6PgNWTUnFyhZAAAH
[2026-05-04T23:32:03.745Z] INFO: [Socket] Dashboard connected (bypass): kA-Ces4LSorozq4bAAAJ
[2026-05-04T23:32:05.220Z] INFO: [Socket] Dashboard connected (bypass): HteN3Hrl9f1BuTpjAAAL
[2026-05-04T23:32:07.431Z] INFO: [Socket] Agent connected: TEST-PC-1 (5d4d90e9d0316c44580277f42dbe6436)
[2026-05-04T23:32:21.108Z] INFO: [SessionCtrl] START_SESSION → device 5d4d90e9d0316c44580277f42dbe6436, session 7378a12d07993cabe02a739110634200
[2026-05-04T23:32:22.637Z] INFO: [Socket] SESSION_STARTED: 7378a12d07993cabe02a739110634200
[2026-05-04T23:32:26.799Z] INFO: [Socket] SESSION_ENDED: 7378a12d07993cabe02a739110634200 — 0.1 min
[2026-05-04T23:32:50.420Z] INFO: [Socket] Agent connected: Gaming-PC-10 (0f9eb31de8b877d43b9c42ea250a8e84)
[2026-05-04T23:33:00.339Z] INFO: [SessionCtrl] START_SESSION → device 0f9eb31de8b877d43b9c42ea250a8e84, session 88d6f1d65a151276bd049e8687395b5c
[2026-05-04T23:33:24.698Z] INFO: [Socket] SESSION_STARTED: 88d6f1d65a151276bd049e8687395b5c
[2026-05-04T23:37:24.853Z] INFO: [Socket] SESSION_ENDED: 88d6f1d65a151276bd049e8687395b5c — 4.4 min
[2026-05-04T23:37:43.545Z] INFO: [Socket] Agent disconnected: Gaming-PC-10
[2026-05-05T00:21:25.091Z] INFO: [DB] SQLite connected: C:\Users\sajid\Desktop\Freelacing\actools\remote-manager\server\data\ac_manager.db
[2026-05-05T00:21:25.096Z] INFO: [DB] SQLite migrations complete
[2026-05-05T00:21:25.097Z] INFO: [DB] Startup cleanup: no stale state found
[2026-05-05T00:21:25.102Z] INFO: Server listening on :4000
[2026-05-05T00:21:27.075Z] INFO: [Reporting] Daily report for 2026-05-05: 39 sessions, 56.839999999999996 min
[2026-05-05T00:21:27.087Z] INFO: [Socket] Dashboard connected (bypass): dMhU5Jt1t3HC8nHoAAAB
[2026-05-05T00:21:29.928Z] INFO: [Socket] Agent connected: TEST-PC-1 (5d4d90e9d0316c44580277f42dbe6436)
[2026-05-05T00:23:05.392Z] INFO: [Socket] Agent connected: Gaming-PC-10 (0f9eb31de8b877d43b9c42ea250a8e84)
[2026-05-05T00:23:09.687Z] INFO: [Socket] Agent disconnected: Gaming-PC-10
[2026-05-05T00:23:15.851Z] INFO: [Socket] Agent connected: Gaming-PC-10 (0f9eb31de8b877d43b9c42ea250a8e84)
[2026-05-05T00:24:37.472Z] INFO: [SessionCtrl] START_SESSION → device 5d4d90e9d0316c44580277f42dbe6436, session c3f0983b614970469eb09bf4431e6f95
[2026-05-05T00:24:38.425Z] WARN: [SessionCtrl] FORCE_STOP → device 5d4d90e9d0316c44580277f42dbe6436
[2026-05-05T00:24:39.004Z] INFO: [Socket] SESSION_ENDED: c3f0983b614970469eb09bf4431e6f95 — 0.0 min
[2026-05-05T00:24:48.946Z] INFO: [SessionCtrl] START_SESSION → device 5d4d90e9d0316c44580277f42dbe6436, session 6022f906d86ac5ad71d10ebb362974e6
[2026-05-05T00:25:16.748Z] WARN: [SessionCtrl] FORCE_STOP → device 5d4d90e9d0316c44580277f42dbe6436
[2026-05-05T00:25:17.605Z] INFO: [Socket] SESSION_ENDED: 6022f906d86ac5ad71d10ebb362974e6 — 0.5 min
[2026-05-05T00:26:05.036Z] INFO: [Socket] Dashboard connected (bypass): RDjZWuncCLCfWxCKAAAJ
[2026-05-05T00:26:17.439Z] INFO: [SessionCtrl] START_SESSION → device 0f9eb31de8b877d43b9c42ea250a8e84, session 0e3da805358a95f7d4ace4510e46b1a3
[2026-05-05T00:26:24.736Z] INFO: [SessionCtrl] START_SESSION → device 5d4d90e9d0316c44580277f42dbe6436, session 18f6d028cc30735ea0c61cd6361f1bc2
[2026-05-05T00:26:27.442Z] INFO: [Socket] SESSION_STARTED: 18f6d028cc30735ea0c61cd6361f1bc2
[2026-05-05T00:26:30.373Z] INFO: [Socket] Agent disconnected: Gaming-PC-10
[2026-05-05T00:26:30.403Z] INFO: [Socket] SESSION_ENDED: 18f6d028cc30735ea0c61cd6361f1bc2 — 0.1 min
[2026-05-05T00:27:03.799Z] INFO: [Socket] Agent connected: Gaming-PC-10 (0f9eb31de8b877d43b9c42ea250a8e84)
[2026-05-05T00:27:12.356Z] INFO: [Socket] Dashboard connected (bypass): yjRooXiXxNPbcBGoAAAN
[2026-05-05T00:27:21.465Z] INFO: [SessionCtrl] START_SESSION → device 5d4d90e9d0316c44580277f42dbe6436, session 02773d8260d79d7cfe080827386c1e6e
[2026-05-05T00:27:55.465Z] INFO: [SessionCtrl] START_SESSION → device 0f9eb31de8b877d43b9c42ea250a8e84, session d9b83eb64ac9cfa685481b29d24dd5ba
[2026-05-05T00:28:00.082Z] INFO: [Socket] SESSION_STARTED: d9b83eb64ac9cfa685481b29d24dd5ba
[2026-05-05T00:28:03.572Z] INFO: [Socket] SESSION_ENDED: d9b83eb64ac9cfa685481b29d24dd5ba — 0.1 min
[2026-05-05T00:28:18.651Z] WARN: [SessionCtrl] FORCE_STOP → device 5d4d90e9d0316c44580277f42dbe6436
[2026-05-05T00:28:19.128Z] INFO: [Socket] SESSION_ENDED: 02773d8260d79d7cfe080827386c1e6e — 0.9 min
[2026-05-05T00:29:28.634Z] INFO: [SessionCtrl] START_SESSION → device 0f9eb31de8b877d43b9c42ea250a8e84, session 888991956626af10041ae4d034886b3d
[2026-05-05T00:29:31.071Z] INFO: [Socket] SESSION_STARTED: 888991956626af10041ae4d034886b3d
[2026-05-05T00:29:34.700Z] INFO: [Socket] SESSION_ENDED: 888991956626af10041ae4d034886b3d — 0.1 min
[2026-05-05T00:30:22.268Z] INFO: [Socket] Agent connected: Gaming-PC-10 (0f9eb31de8b877d43b9c42ea250a8e84)
[2026-05-05T00:30:37.207Z] INFO: [SessionCtrl] START_SESSION → device 5d4d90e9d0316c44580277f42dbe6436, session d0a35cac9cdc4a6b671fe4463df30716
[2026-05-05T00:30:39.038Z] INFO: [Socket] SESSION_STARTED: d0a35cac9cdc4a6b671fe4463df30716
[2026-05-05T00:30:42.457Z] INFO: [Socket] SESSION_ENDED: d0a35cac9cdc4a6b671fe4463df30716 — 0.1 min
[2026-05-05T00:31:05.266Z] INFO: [SessionCtrl] START_SESSION → device 0f9eb31de8b877d43b9c42ea250a8e84, session 6cd9a0f0078fbb11ea722796efd5d8fa
[2026-05-05T00:31:08.548Z] INFO: [Socket] SESSION_STARTED: 6cd9a0f0078fbb11ea722796efd5d8fa
[2026-05-05T00:33:08.640Z] INFO: [Socket] SESSION_ENDED: 6cd9a0f0078fbb11ea722796efd5d8fa — 2.0 min
[2026-05-05T00:33:13.655Z] INFO: [Socket] Agent disconnected: Gaming-PC-10
[2026-05-05T00:35:50.561Z] INFO: [Socket] Dashboard connected (bypass): jxpD8AvVaTuAaKAkAAAR
[2026-05-05T00:36:01.255Z] INFO: [SessionCtrl] START_SESSION → device 5d4d90e9d0316c44580277f42dbe6436, session 202fc70aab6897756cc5e6c4b0aef4ad
[2026-05-05T00:36:35.658Z] WARN: [SessionCtrl] FORCE_STOP → device 5d4d90e9d0316c44580277f42dbe6436
[2026-05-05T00:36:36.360Z] INFO: [Socket] SESSION_ENDED: 202fc70aab6897756cc5e6c4b0aef4ad — 0.6 min
